178.63.128.241 - - [27/May/2023:00:10:02 +0000] "GET / HTTP/1.1" 200 14945 "-" "Webdock HTTP Monitoring Agent / Disable these requests by disabling monitoring in the Webdock dashboard"
178.63.128.241 - - [27/May/2023:00:30:02 +0000] "GET / HTTP/1.1" 200 14945 "-" "Webdock HTTP Monitoring Agent / Disable these requests by disabling monitoring in the Webdock dashboard"
2a06:1301:4050:100:0:71:196:0 - - [27/May/2023:00:50:03 +0000] "POST /wp-cron.php?doing_wp_cron=1685148602.9911599159240722656250 HTTP/1.1" 200 31 "-" "WordPress/6.2.2; https://powerbimbo.vps.webdock.cloud"
178.63.128.241 - - [27/May/2023:00:50:03 +0000] "GET / HTTP/1.1" 200 14945 "-" "Webdock HTTP Monitoring Agent / Disable these requests by disabling monitoring in the Webdock dashboard"
178.63.128.241 - - [27/May/2023:01:10:02 +0000] "GET / HTTP/1.1" 200 14945 "-" "Webdock HTTP Monitoring Agent / Disable these requests by disabling monitoring in the Webdock dashboard"
178.63.128.241 - - [27/May/2023:01:30:03 +0000] "GET / HTTP/1.1" 200 14945 "-" "Webdock HTTP Monitoring Agent / Disable these requests by disabling monitoring in the Webdock dashboard"
64.62.197.63 - - [27/May/2023:01:30:51 +0000] "GET / HTTP/1.1" 200 3568 "-" "Mozilla/5.0 (X11; Linux x86_64) AppleWebKit/537.36 (KHTML, like Gecko) Chrome/109.0.0.0 Safari/537.36"
2a06:1301:4050:100:0:71:196:0 - - [27/May/2023:01:36:55 +0000] "POST /wp-cron.php?doing_wp_cron=1685151415.7936348915100097656250 HTTP/1.1" 200 31 "-" "WordPress/6.2.2; https://powerbimbo.vps.webdock.cloud"
64.62.197.64 - - [27/May/2023:01:36:55 +0000] "GET /favicon.ico HTTP/1.1" 404 31 "-" "Mozilla/5.0 (Windows NT 10.0; rv:110.0) Gecko/20100101 Firefox/110.0"
64.62.197.74 - - [27/May/2023:01:37:59 +0000] "GET / HTTP/1.1" 200 3568 "-" "Mozilla/5.0 (X11; Linux x86_64) AppleWebKit/537.36 (KHTML, like Gecko) Chrome/109.0.0.0 Safari/537.36"
64.62.197.67 - - [27/May/2023:01:39:49 +0000] "GET /geoserver/web/ HTTP/1.1" 404 3670 "-" "Mozilla/5.0 (Macintosh; Intel Mac OS X 10_15_7) AppleWebKit/537.36 (KHTML, like Gecko) Chrome/107.0.0.0 Safari/537.36"
64.62.197.64 - - [27/May/2023:01:40:17 +0000] "GET /.git/config HTTP/1.1" 403 183 "-" "Mozilla/5.0 (Windows NT 10.0; Win64; x64) AppleWebKit/537.36 (KHTML, like Gecko) Chrome/108.0.0.0 YaBrowser/23.1.2.987 Yowser/2.5 Safari/537.36"
146.19.24.35 - - [27/May/2023:01:43:31 +0000] "\x03\x00\x00/*\xE0\x00\x00\x00\x00\x00Cookie: mstshash=Administr" 400 157 "-" "-"
178.63.128.241 - - [27/May/2023:01:50:02 +0000] "GET / HTTP/1.1" 200 14945 "-" "Webdock HTTP Monitoring Agent / Disable these requests by disabling monitoring in the Webdock dashboard"
178.63.128.241 - - [27/May/2023:02:10:02 +0000] "GET / HTTP/1.1" 200 14945 "-" "Webdock HTTP Monitoring Agent / Disable these requests by disabling monitoring in the Webdock dashboard"
178.63.128.241 - - [27/May/2023:02:30:02 +0000] "GET / HTTP/1.1" 200 14945 "-" "Webdock HTTP Monitoring Agent / Disable these requests by disabling monitoring in the Webdock dashboard"
2a06:1301:4050:100:0:71:196:0 - - [27/May/2023:02:50:03 +0000] "POST /wp-cron.php?doing_wp_cron=1685155803.0451550483703613281250 HTTP/1.1" 200 31 "-" "WordPress/6.2.2; https://powerbimbo.vps.webdock.cloud"
178.63.128.241 - - [27/May/2023:02:50:03 +0000] "GET / HTTP/1.1" 200 14945 "-" "Webdock HTTP Monitoring Agent / Disable these requests by disabling monitoring in the Webdock dashboard"
178.63.128.241 - - [27/May/2023:03:10:03 +0000] "GET / HTTP/1.1" 200 14945 "-" "Webdock HTTP Monitoring Agent / Disable these requests by disabling monitoring in the Webdock dashboard"
34.140.248.32 - - [27/May/2023:03:28:40 +0000] "GET / HTTP/1.1" 200 3568 "-" "python-requests/2.28.2"
162.221.192.26 - - [27/May/2023:03:29:15 +0000] "GET / HTTP/1.1" 200 3568 "-" "Mozilla/5.0 (Windows NT 10.0; Win64; x64) AppleWebKit/537.36 (KHTML, like Gecko) Chrome/60.0.3112.113 Safari/537.36"
178.63.128.241 - - [27/May/2023:03:30:02 +0000] "GET / HTTP/1.1" 200 14945 "-" "Webdock HTTP Monitoring Agent / Disable these requests by disabling monitoring in the Webdock dashboard"
2a06:1301:4050:100:0:71:196:0 - - [27/May/2023:03:50:03 +0000] "POST /wp-cron.php?doing_wp_cron=1685159403.4499189853668212890625 HTTP/1.1" 200 31 "-" "WordPress/6.2.2; https://powerbimbo.vps.webdock.cloud"
178.63.128.241 - - [27/May/2023:03:50:03 +0000] "GET / HTTP/1.1" 200 14945 "-" "Webdock HTTP Monitoring Agent / Disable these requests by disabling monitoring in the Webdock dashboard"
178.63.128.241 - - [27/May/2023:04:10:03 +0000] "GET / HTTP/1.1" 200 14945 "-" "Webdock HTTP Monitoring Agent / Disable these requests by disabling monitoring in the Webdock dashboard"
178.63.128.241 - - [27/May/2023:04:30:02 +0000] "GET / HTTP/1.1" 200 14945 "-" "Webdock HTTP Monitoring Agent / Disable these requests by disabling monitoring in the Webdock dashboard"
103.43.19.38 - - [27/May/2023:04:38:47 +0000] "GET / HTTP/1.1" 400 657 "-" "Mozilla/5.0 (Linux; Android 8.0.0; Pixel 2 XL Build/OPD1.170816.004) AppleWebKit/537.36 (KHTML, like Gecko) Chrome/100.0.4896.127 Mobile Safari/537.36"
2a06:1301:4050:100:0:71:196:0 - - [27/May/2023:04:38:53 +0000] "POST /wp-cron.php?doing_wp_cron=1685162333.7911260128021240234375 HTTP/1.1" 200 31 "-" "WordPress/6.2.2; https://powerbimbo.vps.webdock.cloud"
103.43.19.38 - - [27/May/2023:04:38:53 +0000] "GET / HTTP/1.1" 200 3568 "-" "Mozilla/5.0 (Windows NT 6.1; WOW64) AppleWebKit/537.36 (KHTML, like Gecko) Chrome/44.0.2403.155 Safari/537.36 OPR/31.0.1889.174"
103.43.19.38 - - [27/May/2023:04:38:56 +0000] "GET / HTTP/1.1" 200 3568 "-" "Go-http-client/1.1"
103.43.19.38 - - [27/May/2023:04:39:06 +0000] "GET /favicon.ico HTTP/1.1" 404 31 "-" "Go-http-client/1.1"
178.63.128.241 - - [27/May/2023:04:50:03 +0000] "GET / HTTP/1.1" 200 14945 "-" "Webdock HTTP Monitoring Agent / Disable these requests by disabling monitoring in the Webdock dashboard"
167.248.133.38 - - [27/May/2023:04:58:05 +0000] "GET / HTTP/1.1" 301 5 "-" "-"
167.248.133.38 - - [27/May/2023:04:58:05 +0000] "GET / HTTP/1.1" 200 3568 "-" "Mozilla/5.0 (compatible; CensysInspect/1.1; +https://about.censys.io/)"
2602:80d:1000:b0cc:e:2:5:7 - - [27/May/2023:04:58:06 +0000] "GET /favicon.ico HTTP/1.1" 404 31 "-" "Mozilla/5.0 (compatible; CensysInspect/1.1; +https://about.censys.io/)"
185.180.140.4 - - [27/May/2023:04:58:26 +0000] "GET / HTTP/1.1" 200 3568 "-" "Mozilla/5.0 (Windows NT 10.0; Win64; x64) AppleWebKit/537.36 (KHTML, like Gecko) Chrome/60.0.3112.113 Safari/537.36"
83.97.73.89 - - [27/May/2023:04:59:52 +0000] "GET / HTTP/1.1" 301 5 "-" "Mozilla/5.0 (Windows NT 10.0; Win64; x64) AppleWebKit/537.36 (KHTML, like Gecko) Chrome/78.0.3904.108 Safari/537.36"
83.97.73.89 - - [27/May/2023:04:59:53 +0000] "GET / HTTP/1.1" 200 3568 "https://45.136.71.196:443" "Mozilla/5.0 (Windows NT 10.0; Win64; x64) AppleWebKit/537.36 (KHTML, like Gecko) Chrome/78.0.3904.108 Safari/537.36"
178.63.128.241 - - [27/May/2023:05:10:02 +0000] "GET / HTTP/1.1" 200 14945 "-" "Webdock HTTP Monitoring Agent / Disable these requests by disabling monitoring in the Webdock dashboard"
178.63.128.241 - - [27/May/2023:05:30:03 +0000] "GET / HTTP/1.1" 200 14945 "-" "Webdock HTTP Monitoring Agent / Disable these requests by disabling monitoring in the Webdock dashboard"
162.216.150.240 - - [27/May/2023:05:31:21 +0000] "GET / HTTP/1.1" 301 5 "-" "Expanse, a Palo Alto Networks company, searches across the global IPv4 space multiple times per day to identify customers&#39; presences on the Internet. If you would like to be excluded from our scans, please send IP addresses/domains to: scaninfo@paloaltonetworks.com"
162.216.150.240 - - [27/May/2023:05:31:22 +0000] "GET / HTTP/1.1" 200 14945 "-" "Expanse, a Palo Alto Networks company, searches across the global IPv4 space multiple times per day to identify customers&#39; presences on the Internet. If you would like to be excluded from our scans, please send IP addresses/domains to: scaninfo@paloaltonetworks.com"
83.97.73.89 - - [27/May/2023:05:32:54 +0000] "POST /vendor/phpunit/phpunit/src/Util/PHP/eval-stdin.php HTTP/1.1" 404 47 "-" "Mozilla/5.0 (Windows NT 10.0; Win64; x64) AppleWebKit/537.36 (KHTML, like Gecko) Chrome/78.0.3904.108 Safari/537.36"
2a06:1301:4050:100:0:71:196:0 - - [27/May/2023:05:40:51 +0000] "POST /wp-cron.php?doing_wp_cron=1685166051.5155398845672607421875 HTTP/1.1" 200 31 "-" "WordPress/6.2.2; https://powerbimbo.vps.webdock.cloud"
192.241.225.12 - - [27/May/2023:05:40:51 +0000] "GET /actuator/health HTTP/1.1" 404 3670 "-" "Mozilla/5.0 zgrab/0.x"
178.63.128.241 - - [27/May/2023:05:50:03 +0000] "GET / HTTP/1.1" 200 14945 "-" "Webdock HTTP Monitoring Agent / Disable these requests by disabling monitoring in the Webdock dashboard"
178.63.128.241 - - [27/May/2023:06:10:02 +0000] "GET / HTTP/1.1" 200 14945 "-" "Webdock HTTP Monitoring Agent / Disable these requests by disabling monitoring in the Webdock dashboard"
83.97.73.89 - - [27/May/2023:06:20:55 +0000] "GET /vendor/phpunit/phpunit/src/Util/PHP/eval-stdin.php HTTP/1.1" 404 47 "-" "Mozilla/5.0 (Windows NT 10.0; Win64; x64) AppleWebKit/537.36 (KHTML, like Gecko) Chrome/78.0.3904.108 Safari/537.36"
178.63.128.241 - - [27/May/2023:06:30:02 +0000] "GET / HTTP/1.1" 200 14945 "-" "Webdock HTTP Monitoring Agent / Disable these requests by disabling monitoring in the Webdock dashboard"
2a06:1301:4050:100:0:71:196:0 - - [27/May/2023:06:50:03 +0000] "POST /wp-cron.php?doing_wp_cron=1685170203.3610670566558837890625 HTTP/1.1" 200 31 "-" "WordPress/6.2.2; https://powerbimbo.vps.webdock.cloud"
178.63.128.241 - - [27/May/2023:06:50:03 +0000] "GET / HTTP/1.1" 200 14945 "-" "Webdock HTTP Monitoring Agent / Disable these requests by disabling monitoring in the Webdock dashboard"
2a06:1301:4050:100:0:71:196:0 - - [27/May/2023:06:50:03 +0000] "GET / HTTP/1.1" 200 3568 "-" "WordPress/6.2.2; https://powerbimbo.vps.webdock.cloud"
178.63.128.241 - - [27/May/2023:07:10:02 +0000] "GET / HTTP/1.1" 200 14945 "-" "Webdock HTTP Monitoring Agent / Disable these requests by disabling monitoring in the Webdock dashboard"
83.97.73.89 - - [27/May/2023:07:10:13 +0000] "GET /index.php?s=/Index/\x5Cthink\x5Capp/invokefunction&function=call_user_func_array&vars[0]=md5&vars[1][]=HelloThinkPHP21 HTTP/1.1" 200 3675 "-" "Mozilla/5.0 (Windows NT 10.0; Win64; x64) AppleWebKit/537.36 (KHTML, like Gecko) Chrome/78.0.3904.108 Safari/537.36"
164.90.202.201 - - [27/May/2023:07:15:35 +0000] "GET / HTTP/1.1" 200 3568 "http://powerbimbo.vps.webdock.cloud/" "Mozilla/5.0 (Windows NT 10.0; Win64; x64; rv:65.0) Gecko/20100101 Firefox/65.0"
164.90.202.201 - - [27/May/2023:07:15:35 +0000] "GET /favicon.ico HTTP/1.1" 404 31 "-" "Mozilla/5.0 (Windows NT 10.0; Win64; x64; rv:65.0) Gecko/20100101 Firefox/65.0"
178.63.128.241 - - [27/May/2023:07:30:03 +0000] "GET / HTTP/1.1" 200 14945 "-" "Webdock HTTP Monitoring Agent / Disable these requests by disabling monitoring in the Webdock dashboard"
2a06:1301:4050:100:0:71:196:0 - - [27/May/2023:07:50:03 +0000] "POST /wp-cron.php?doing_wp_cron=1685173803.3619570732116699218750 HTTP/1.1" 200 31 "-" "WordPress/6.2.2; https://powerbimbo.vps.webdock.cloud"
178.63.128.241 - - [27/May/2023:07:50:03 +0000] "GET / HTTP/1.1" 200 14945 "-" "Webdock HTTP Monitoring Agent / Disable these requests by disabling monitoring in the Webdock dashboard"
83.97.73.89 - - [27/May/2023:07:56:53 +0000] "GET /?XDEBUG_SESSION_START=phpstorm HTTP/1.1" 301 5 "-" "Mozilla/5.0 (Windows NT 10.0; Win64; x64) AppleWebKit/537.36 (KHTML, like Gecko) Chrome/78.0.3904.108 Safari/537.36"
83.97.73.89 - - [27/May/2023:07:56:55 +0000] "GET /?XDEBUG_SESSION_START=phpstorm HTTP/1.1" 200 3568 "https://45.136.71.196:443/?XDEBUG_SESSION_START=phpstorm" "Mozilla/5.0 (Windows NT 10.0; Win64; x64) AppleWebKit/537.36 (KHTML, like Gecko) Chrome/78.0.3904.108 Safari/537.36"
85.217.144.248 - - [27/May/2023:08:05:53 +0000] "GET /_profiler/phpinfo HTTP/1.1" 404 3670 "-" "Mozilla/5.0 (Linux; U; Android 4.4.2; en-US; HM NOTE 1W Build/KOT49H) AppleWebKit/534.30 (KHTML, like Gecko) Version/4.0 UCBrowser/11.0.5.850 U3/0.8.0 Mobile Safari/534.30"
162.221.192.26 - - [27/May/2023:08:09:47 +0000] "GET / HTTP/1.1" 200 3568 "-" "Mozilla/5.0 (Windows NT 10.0; Win64; x64) AppleWebKit/537.36 (KHTML, like Gecko) Chrome/60.0.3112.113 Safari/537.36"
178.63.128.241 - - [27/May/2023:08:10:03 +0000] "GET / HTTP/1.1" 200 14945 "-" "Webdock HTTP Monitoring Agent / Disable these requests by disabling monitoring in the Webdock dashboard"
185.180.143.50 - - [27/May/2023:08:23:57 +0000] "GET / HTTP/1.1" 200 3568 "-" "Mozilla/5.0 (Windows NT 10.0; Win64; x64) AppleWebKit/537.36 (KHTML, like Gecko) Chrome/60.0.3112.113 Safari/537.36"
185.180.143.50 - - [27/May/2023:08:24:05 +0000] "POST /mgmt/shared/authn/login HTTP/1.1" 404 3670 "-" "Mozilla/5.0 (Windows NT 10.0; Win64; x64) AppleWebKit/537.36 (KHTML, like Gecko) Chrome/60.0.3112.113 Safari/537.36"
185.180.143.50 - - [27/May/2023:08:24:06 +0000] "GET /tmui/login.jsp HTTP/1.1" 404 3670 "-" "Mozilla/5.0 (Windows NT 10.0; Win64; x64) AppleWebKit/537.36 (KHTML, like Gecko) Chrome/60.0.3112.113 Safari/537.36"
185.180.143.50 - - [27/May/2023:08:24:15 +0000] "GET /mgmt/shared/authn/login HTTP/1.1" 404 3670 "-" "Mozilla/5.0 (Windows NT 10.0; Win64; x64) AppleWebKit/537.36 (KHTML, like Gecko) Chrome/60.0.3112.113 Safari/537.36"
178.63.128.241 - - [27/May/2023:08:30:02 +0000] "GET / HTTP/1.1" 200 14945 "-" "Webdock HTTP Monitoring Agent / Disable these requests by disabling monitoring in the Webdock dashboard"
2a06:1301:4050:100:0:71:196:0 - - [27/May/2023:08:50:03 +0000] "POST /wp-cron.php?doing_wp_cron=1685177403.5196809768676757812500 HTTP/1.1" 200 31 "-" "WordPress/6.2.2; https://powerbimbo.vps.webdock.cloud"
178.63.128.241 - - [27/May/2023:08:50:03 +0000] "GET / HTTP/1.1" 200 14945 "-" "Webdock HTTP Monitoring Agent / Disable these requests by disabling monitoring in the Webdock dashboard"
83.97.73.89 - - [27/May/2023:08:51:25 +0000] "POST /mifs/.;/services/LogService HTTP/1.1" 404 3670 "https://45.136.71.196:443" "Mozilla/5.0 (Windows NT 10.0; Win64; x64) AppleWebKit/537.36 (KHTML, like Gecko) Chrome/78.0.3904.108 Safari/537.36"
178.63.128.241 - - [27/May/2023:09:10:03 +0000] "GET / HTTP/1.1" 200 14945 "-" "Webdock HTTP Monitoring Agent / Disable these requests by disabling monitoring in the Webdock dashboard"
174.138.187.154 - - [27/May/2023:09:22:58 +0000] "GET / HTTP/1.1" 200 3568 "-" "Mozilla/5.0 (Windows NT 10.0; WOW64) AppleWebKit/537.36 (KHTML, like Gecko) Chrome/83.0.4103.116 Safari/537.36"
178.79.191.180 - - [27/May/2023:09:23:25 +0000] "GET / HTTP/1.1" 200 3568 "-" "Mozilla/5.0 (Windows NT 6.1; WOW64; rv:8.0) Gecko/20100101 Firefox/8.0"
178.63.128.241 - - [27/May/2023:09:30:02 +0000] "GET / HTTP/1.1" 200 14945 "-" "Webdock HTTP Monitoring Agent / Disable these requests by disabling monitoring in the Webdock dashboard"
2a06:1301:4050:100:0:71:196:0 - - [27/May/2023:09:50:02 +0000] "POST /wp-cron.php?doing_wp_cron=1685181002.7723848819732666015625 HTTP/1.1" 200 31 "-" "WordPress/6.2.2; https://powerbimbo.vps.webdock.cloud"
178.63.128.241 - - [27/May/2023:09:50:02 +0000] "GET / HTTP/1.1" 200 14945 "-" "Webdock HTTP Monitoring Agent / Disable these requests by disabling monitoring in the Webdock dashboard"
195.249.146.100 - - [27/May/2023:10:00:47 +0000] "GET / HTTP/1.1" 499 0 "-" "Mozilla/5.0 (Macintosh; Intel Mac OS X 10_15_7) AppleWebKit/537.36 (KHTML, like Gecko) Chrome/113.0.0.0 Safari/537.36"
195.249.146.100 - - [27/May/2023:10:00:56 +0000] "GET /wp-admin/ HTTP/1.1" 499 0 "-" "Mozilla/5.0 (Macintosh; Intel Mac OS X 10_15_7) AppleWebKit/537.36 (KHTML, like Gecko) Chrome/113.0.0.0 Safari/537.36"
195.249.146.100 - - [27/May/2023:10:02:25 +0000] "GET /wp-admin HTTP/1.1" 301 169 "-" "Mozilla/5.0 (Macintosh; Intel Mac OS X 10_15_7) AppleWebKit/537.36 (KHTML, like Gecko) Chrome/113.0.0.0 Safari/537.36"
195.249.146.100 - - [27/May/2023:10:02:25 +0000] "GET /wp-admin/ HTTP/1.1" 302 5 "-" "Mozilla/5.0 (Macintosh; Intel Mac OS X 10_15_7) AppleWebKit/537.36 (KHTML, like Gecko) Chrome/113.0.0.0 Safari/537.36"
195.249.146.100 - - [27/May/2023:10:02:25 +0000] "GET /wp-login.php?redirect_to=https%3A%2F%2Fpowerbimbo.vps.webdock.cloud%2Fwp-admin%2F&reauth=1 HTTP/1.1" 200 2402 "-" "Mozilla/5.0 (Macintosh; Intel Mac OS X 10_15_7) AppleWebKit/537.36 (KHTML, like Gecko) Chrome/113.0.0.0 Safari/537.36"
195.249.146.100 - - [27/May/2023:10:02:26 +0000] "GET /wp-includes/css/dashicons.min.css?ver=6.2.2 HTTP/1.1" 200 35775 "https://powerbimbo.vps.webdock.cloud/wp-login.php?redirect_to=https%3A%2F%2Fpowerbimbo.vps.webdock.cloud%2Fwp-admin%2F&reauth=1" "Mozilla/5.0 (Macintosh; Intel Mac OS X 10_15_7) AppleWebKit/537.36 (KHTML, like Gecko) Chrome/113.0.0.0 Safari/537.36"
195.249.146.100 - - [27/May/2023:10:02:26 +0000] "GET /wp-admin/css/forms.min.css?ver=6.2.2 HTTP/1.1" 200 6468 "https://powerbimbo.vps.webdock.cloud/wp-login.php?redirect_to=https%3A%2F%2Fpowerbimbo.vps.webdock.cloud%2Fwp-admin%2F&reauth=1" "Mozilla/5.0 (Macintosh; Intel Mac OS X 10_15_7) AppleWebKit/537.36 (KHTML, like Gecko) Chrome/113.0.0.0 Safari/537.36"
195.249.146.100 - - [27/May/2023:10:02:26 +0000] "GET /wp-admin/css/l10n.min.css?ver=6.2.2 HTTP/1.1" 304 0 "https://powerbimbo.vps.webdock.cloud/wp-login.php?redirect_to=https%3A%2F%2Fpowerbimbo.vps.webdock.cloud%2Fwp-admin%2F&reauth=1" "Mozilla/5.0 (Macintosh; Intel Mac OS X 10_15_7) AppleWebKit/537.36 (KHTML, like Gecko) Chrome/113.0.0.0 Safari/537.36"
195.249.146.100 - - [27/May/2023:10:02:26 +0000] "GET /wp-admin/css/login.min.css?ver=6.2.2 HTTP/1.1" 304 0 "https://powerbimbo.vps.webdock.cloud/wp-login.php?redirect_to=https%3A%2F%2Fpowerbimbo.vps.webdock.cloud%2Fwp-admin%2F&reauth=1" "Mozilla/5.0 (Macintosh; Intel Mac OS X 10_15_7) AppleWebKit/537.36 (KHTML, like Gecko) Chrome/113.0.0.0 Safari/537.36"
195.249.146.100 - - [27/May/2023:10:02:26 +0000] "GET /wp-includes/css/buttons.min.css?ver=6.2.2 HTTP/1.1" 304 0 "https://powerbimbo.vps.webdock.cloud/wp-login.php?redirect_to=https%3A%2F%2Fpowerbimbo.vps.webdock.cloud%2Fwp-admin%2F&reauth=1" "Mozilla/5.0 (Macintosh; Intel Mac OS X 10_15_7) AppleWebKit/537.36 (KHTML, like Gecko) Chrome/113.0.0.0 Safari/537.36"
195.249.146.100 - - [27/May/2023:10:02:26 +0000] "GET /wp-includes/js/jquery/jquery.min.js?ver=3.6.4 HTTP/1.1" 200 31296 "https://powerbimbo.vps.webdock.cloud/wp-login.php?redirect_to=https%3A%2F%2Fpowerbimbo.vps.webdock.cloud%2Fwp-admin%2F&reauth=1" "Mozilla/5.0 (Macintosh; Intel Mac OS X 10_15_7) AppleWebKit/537.36 (KHTML, like Gecko) Chrome/113.0.0.0 Safari/537.36"
195.249.146.100 - - [27/May/2023:10:02:26 +0000] "GET /wp-includes/js/jquery/jquery-migrate.min.js?ver=3.4.0 HTTP/1.1" 200 4817 "https://powerbimbo.vps.webdock.cloud/wp-login.php?redirect_to=https%3A%2F%2Fpowerbimbo.vps.webdock.cloud%2Fwp-admin%2F&reauth=1" "Mozilla/5.0 (Macintosh; Intel Mac OS X 10_15_7) AppleWebKit/537.36 (KHTML, like Gecko) Chrome/113.0.0.0 Safari/537.36"
195.249.146.100 - - [27/May/2023:10:02:26 +0000] "GET /wp-includes/js/dist/vendor/wp-polyfill.min.js?ver=3.15.0 HTTP/1.1" 200 6600 "https://powerbimbo.vps.webdock.cloud/wp-login.php?redirect_to=https%3A%2F%2Fpowerbimbo.vps.webdock.cloud%2Fwp-admin%2F&reauth=1" "Mozilla/5.0 (Macintosh; Intel Mac OS X 10_15_7) AppleWebKit/537.36 (KHTML, like Gecko) Chrome/113.0.0.0 Safari/537.36"
195.249.146.100 - - [27/May/2023:10:02:26 +0000] "GET /wp-includes/js/dist/vendor/wp-polyfill-inert.min.js?ver=3.1.2 HTTP/1.1" 304 0 "https://powerbimbo.vps.webdock.cloud/wp-login.php?redirect_to=https%3A%2F%2Fpowerbimbo.vps.webdock.cloud%2Fwp-admin%2F&reauth=1" "Mozilla/5.0 (Macintosh; Intel Mac OS X 10_15_7) AppleWebKit/537.36 (KHTML, like Gecko) Chrome/113.0.0.0 Safari/537.36"
195.249.146.100 - - [27/May/2023:10:02:26 +0000] "GET /wp-includes/js/zxcvbn-async.min.js?ver=1.0 HTTP/1.1" 304 0 "https://powerbimbo.vps.webdock.cloud/wp-login.php?redirect_to=https%3A%2F%2Fpowerbimbo.vps.webdock.cloud%2Fwp-admin%2F&reauth=1" "Mozilla/5.0 (Macintosh; Intel Mac OS X 10_15_7) AppleWebKit/537.36 (KHTML, like Gecko) Chrome/113.0.0.0 Safari/537.36"
195.249.146.100 - - [27/May/2023:10:02:26 +0000] "GET /wp-includes/js/dist/vendor/regenerator-runtime.min.js?ver=0.13.11 HTTP/1.1" 304 0 "https://powerbimbo.vps.webdock.cloud/wp-login.php?redirect_to=https%3A%2F%2Fpowerbimbo.vps.webdock.cloud%2Fwp-admin%2F&reauth=1" "Mozilla/5.0 (Macintosh; Intel Mac OS X 10_15_7) AppleWebKit/537.36 (KHTML, like Gecko) Chrome/113.0.0.0 Safari/537.36"
195.249.146.100 - - [27/May/2023:10:02:26 +0000] "GET /wp-admin/js/password-strength-meter.min.js?ver=6.2.2 HTTP/1.1" 304 0 "https://powerbimbo.vps.webdock.cloud/wp-login.php?redirect_to=https%3A%2F%2Fpowerbimbo.vps.webdock.cloud%2Fwp-admin%2F&reauth=1" "Mozilla/5.0 (Macintosh; Intel Mac OS X 10_15_7) AppleWebKit/537.36 (KHTML, like Gecko) Chrome/113.0.0.0 Safari/537.36"
195.249.146.100 - - [27/May/2023:10:02:26 +0000] "GET /wp-includes/js/dist/hooks.min.js?ver=4169d3cf8e8d95a3d6d5 HTTP/1.1" 304 0 "https://powerbimbo.vps.webdock.cloud/wp-login.php?redirect_to=https%3A%2F%2Fpowerbimbo.vps.webdock.cloud%2Fwp-admin%2F&reauth=1" "Mozilla/5.0 (Macintosh; Intel Mac OS X 10_15_7) AppleWebKit/537.36 (KHTML, like Gecko) Chrome/113.0.0.0 Safari/537.36"
195.249.146.100 - - [27/May/2023:10:02:26 +0000] "GET /wp-includes/js/dist/i18n.min.js?ver=9e794f35a71bb98672ae HTTP/1.1" 304 0 "https://powerbimbo.vps.webdock.cloud/wp-login.php?redirect_to=https%3A%2F%2Fpowerbimbo.vps.webdock.cloud%2Fwp-admin%2F&reauth=1" "Mozilla/5.0 (Macintosh; Intel Mac OS X 10_15_7) AppleWebKit/537.36 (KHTML, like Gecko) Chrome/113.0.0.0 Safari/537.36"
195.249.146.100 - - [27/May/2023:10:02:26 +0000] "GET /wp-includes/js/underscore.min.js?ver=1.13.4 HTTP/1.1" 304 0 "https://powerbimbo.vps.webdock.cloud/wp-login.php?redirect_to=https%3A%2F%2Fpowerbimbo.vps.webdock.cloud%2Fwp-admin%2F&reauth=1" "Mozilla/5.0 (Macintosh; Intel Mac OS X 10_15_7) AppleWebKit/537.36 (KHTML, like Gecko) Chrome/113.0.0.0 Safari/537.36"
195.249.146.100 - - [27/May/2023:10:02:26 +0000] "GET /wp-includes/js/wp-util.min.js?ver=6.2.2 HTTP/1.1" 304 0 "https://powerbimbo.vps.webdock.cloud/wp-login.php?redirect_to=https%3A%2F%2Fpowerbimbo.vps.webdock.cloud%2Fwp-admin%2F&reauth=1" "Mozilla/5.0 (Macintosh; Intel Mac OS X 10_15_7) AppleWebKit/537.36 (KHTML, like Gecko) Chrome/113.0.0.0 Safari/537.36"
195.249.146.100 - - [27/May/2023:10:02:26 +0000] "GET /wp-admin/js/user-profile.min.js?ver=6.2.2 HTTP/1.1" 304 0 "https://powerbimbo.vps.webdock.cloud/wp-login.php?redirect_to=https%3A%2F%2Fpowerbimbo.vps.webdock.cloud%2Fwp-admin%2F&reauth=1" "Mozilla/5.0 (Macintosh; Intel Mac OS X 10_15_7) AppleWebKit/537.36 (KHTML, like Gecko) Chrome/113.0.0.0 Safari/537.36"
195.249.146.100 - - [27/May/2023:10:02:26 +0000] "GET /wp-admin/images/wordpress-logo.svg?ver=20131107 HTTP/1.1" 304 0 "https://powerbimbo.vps.webdock.cloud/wp-admin/css/login.min.css?ver=6.2.2" "Mozilla/5.0 (Macintosh; Intel Mac OS X 10_15_7) AppleWebKit/537.36 (KHTML, like Gecko) Chrome/113.0.0.0 Safari/537.36"
195.249.146.100 - - [27/May/2023:10:02:26 +0000] "GET /wp-includes/js/zxcvbn.min.js HTTP/1.1" 200 402216 "https://powerbimbo.vps.webdock.cloud/wp-login.php?redirect_to=https%3A%2F%2Fpowerbimbo.vps.webdock.cloud%2Fwp-admin%2F&reauth=1" "Mozilla/5.0 (Macintosh; Intel Mac OS X 10_15_7) AppleWebKit/537.36 (KHTML, like Gecko) Chrome/113.0.0.0 Safari/537.36"
195.249.146.100 - - [27/May/2023:10:02:26 +0000] "GET /favicon.ico HTTP/1.1" 404 31 "https://powerbimbo.vps.webdock.cloud/wp-login.php?redirect_to=https%3A%2F%2Fpowerbimbo.vps.webdock.cloud%2Fwp-admin%2F&reauth=1" "Mozilla/5.0 (Macintosh; Intel Mac OS X 10_15_7) AppleWebKit/537.36 (KHTML, like Gecko) Chrome/113.0.0.0 Safari/537.36"
195.249.146.100 - - [27/May/2023:10:02:32 +0000] "POST /wp-login.php HTTP/1.1" 302 5 "https://powerbimbo.vps.webdock.cloud/wp-login.php?redirect_to=https%3A%2F%2Fpowerbimbo.vps.webdock.cloud%2Fwp-admin%2F&reauth=1" "Mozilla/5.0 (Macintosh; Intel Mac OS X 10_15_7) AppleWebKit/537.36 (KHTML, like Gecko) Chrome/113.0.0.0 Safari/537.36"
195.249.146.100 - - [27/May/2023:10:02:32 +0000] "GET /wp-admin/ HTTP/1.1" 200 16265 "https://powerbimbo.vps.webdock.cloud/wp-login.php?redirect_to=https%3A%2F%2Fpowerbimbo.vps.webdock.cloud%2Fwp-admin%2F&reauth=1" "Mozilla/5.0 (Macintosh; Intel Mac OS X 10_15_7) AppleWebKit/537.36 (KHTML, like Gecko) Chrome/113.0.0.0 Safari/537.36"
195.249.146.100 - - [27/May/2023:10:02:32 +0000] "GET /wp-content/plugins/advanced-custom-fields-pro/assets/build/css/acf-global.css?ver=6.1.6 HTTP/1.1" 200 22259 "https://powerbimbo.vps.webdock.cloud/wp-admin/" "Mozilla/5.0 (Macintosh; Intel Mac OS X 10_15_7) AppleWebKit/537.36 (KHTML, like Gecko) Chrome/113.0.0.0 Safari/537.36"
195.249.146.100 - - [27/May/2023:10:02:32 +0000] "GET /wp-admin/load-scripts.php?c=0&load%5Bchunk_0%5D=jquery-core,jquery-migrate,utils&ver=6.2.2 HTTP/1.1" 200 35975 "https://powerbimbo.vps.webdock.cloud/wp-admin/" "Mozilla/5.0 (Macintosh; Intel Mac OS X 10_15_7) AppleWebKit/537.36 (KHTML, like Gecko) Chrome/113.0.0.0 Safari/537.36"
195.249.146.100 - - [27/May/2023:10:02:32 +0000] "GET /wp-admin/js/common.min.js?ver=6.2.2 HTTP/1.1" 304 0 "https://powerbimbo.vps.webdock.cloud/wp-admin/" "Mozilla/5.0 (Macintosh; Intel Mac OS X 10_15_7) AppleWebKit/537.36 (KHTML, like Gecko) Chrome/113.0.0.0 Safari/537.36"
195.249.146.100 - - [27/May/2023:10:02:32 +0000] "GET /wp-admin/load-styles.php?c=0&dir=ltr&load%5Bchunk_0%5D=dashicons,admin-bar,site-health,common,forms,admin-menu,dashboard,list-tables,edit,revisions,media,themes,about,nav-menus,wp-poi&load%5Bchunk_1%5D=nter,widgets,site-icon,l10n,buttons,wp-auth-check&ver=6.2.2 HTTP/1.1" 200 101093 "https://powerbimbo.vps.webdock.cloud/wp-admin/" "Mozilla/5.0 (Macintosh; Intel Mac OS X 10_15_7) AppleWebKit/537.36 (KHTML, like Gecko) Chrome/113.0.0.0 Safari/537.36"
195.249.146.100 - - [27/May/2023:10:02:32 +0000] "GET /wp-includes/js/thickbox/thickbox.css?ver=6.2.2 HTTP/1.1" 304 0 "https://powerbimbo.vps.webdock.cloud/wp-admin/" "Mozilla/5.0 (Macintosh; Intel Mac OS X 10_15_7) AppleWebKit/537.36 (KHTML, like Gecko) Chrome/113.0.0.0 Safari/537.36"
195.249.146.100 - - [27/May/2023:10:02:32 +0000] "GET /wp-includes/js/admin-bar.min.js?ver=6.2.2 HTTP/1.1" 304 0 "https://powerbimbo.vps.webdock.cloud/wp-admin/" "Mozilla/5.0 (Macintosh; Intel Mac OS X 10_15_7) AppleWebKit/537.36 (KHTML, like Gecko) Chrome/113.0.0.0 Safari/537.36"
195.249.146.100 - - [27/May/2023:10:02:32 +0000] "GET /wp-includes/js/dist/dom-ready.min.js?ver=392bdd43726760d1f3ca HTTP/1.1" 304 0 "https://powerbimbo.vps.webdock.cloud/wp-admin/" "Mozilla/5.0 (Macintosh; Intel Mac OS X 10_15_7) AppleWebKit/537.36 (KHTML, like Gecko) Chrome/113.0.0.0 Safari/537.36"
195.249.146.100 - - [27/May/2023:10:02:32 +0000] "GET /wp-includes/js/dist/date.min.js?ver=f8550b1212d715fbf745 HTTP/1.1" 200 51855 "https://powerbimbo.vps.webdock.cloud/wp-admin/" "Mozilla/5.0 (Macintosh; Intel Mac OS X 10_15_7) AppleWebKit/537.36 (KHTML, like Gecko) Chrome/113.0.0.0 Safari/537.36"
195.249.146.100 - - [27/May/2023:10:02:32 +0000] "GET /wp-includes/js/hoverintent-js.min.js?ver=2.2.1 HTTP/1.1" 304 0 "https://powerbimbo.vps.webdock.cloud/wp-admin/" "Mozilla/5.0 (Macintosh; Intel Mac OS X 10_15_7) AppleWebKit/537.36 (KHTML, like Gecko) Chrome/113.0.0.0 Safari/537.36"
195.249.146.100 - - [27/May/2023:10:02:32 +0000] "GET /wp-includes/js/clipboard.min.js?ver=2.0.11 HTTP/1.1" 304 0 "https://powerbimbo.vps.webdock.cloud/wp-admin/" "Mozilla/5.0 (Macintosh; Intel Mac OS X 10_15_7) AppleWebKit/537.36 (KHTML, like Gecko) Chrome/113.0.0.0 Safari/537.36"
195.249.146.100 - - [27/May/2023:10:02:32 +0000] "GET /wp-includes/js/dist/a11y.min.js?ver=ecce20f002eda4c19664 HTTP/1.1" 304 0 "https://powerbimbo.vps.webdock.cloud/wp-admin/" "Mozilla/5.0 (Macintosh; Intel Mac OS X 10_15_7) AppleWebKit/537.36 (KHTML, like Gecko) Chrome/113.0.0.0 Safari/537.36"
195.249.146.100 - - [27/May/2023:10:02:32 +0000] "GET /wp-includes/js/api-request.min.js?ver=6.2.2 HTTP/1.1" 304 0 "https://powerbimbo.vps.webdock.cloud/wp-admin/" "Mozilla/5.0 (Macintosh; Intel Mac OS X 10_15_7) AppleWebKit/537.36 (KHTML, like Gecko) Chrome/113.0.0.0 Safari/537.36"
195.249.146.100 - - [27/May/2023:10:02:32 +0000] "GET /wp-includes/js/dist/url.min.js?ver=16185fce2fb043a0cfed HTTP/1.1" 304 0 "https://powerbimbo.vps.webdock.cloud/wp-admin/" "Mozilla/5.0 (Macintosh; Intel Mac OS X 10_15_7) AppleWebKit/537.36 (KHTML, like Gecko) Chrome/113.0.0.0 Safari/537.36"
195.249.146.100 - - [27/May/2023:10:02:32 +0000] "GET /wp-admin/js/site-health.min.js?ver=6.2.2 HTTP/1.1" 304 0 "https://powerbimbo.vps.webdock.cloud/wp-admin/" "Mozilla/5.0 (Macintosh; Intel Mac OS X 10_15_7) AppleWebKit/537.36 (KHTML, like Gecko) Chrome/113.0.0.0 Safari/537.36"
195.249.146.100 - - [27/May/2023:10:02:32 +0000] "GET /wp-includes/js/wp-ajax-response.min.js?ver=6.2.2 HTTP/1.1" 304 0 "https://powerbimbo.vps.webdock.cloud/wp-admin/" "Mozilla/5.0 (Macintosh; Intel Mac OS X 10_15_7) AppleWebKit/537.36 (KHTML, like Gecko) Chrome/113.0.0.0 Safari/537.36"
195.249.146.100 - - [27/May/2023:10:02:32 +0000] "GET /wp-includes/js/jquery/jquery.color.min.js?ver=2.2.0 HTTP/1.1" 304 0 "https://powerbimbo.vps.webdock.cloud/wp-admin/" "Mozilla/5.0 (Macintosh; Intel Mac OS X 10_15_7) AppleWebKit/537.36 (KHTML, like Gecko) Chrome/113.0.0.0 Safari/537.36"
195.249.146.100 - - [27/May/2023:10:02:32 +0000] "GET /wp-includes/js/wp-lists.min.js?ver=6.2.2 HTTP/1.1" 304 0 "https://powerbimbo.vps.webdock.cloud/wp-admin/" "Mozilla/5.0 (Macintosh; Intel Mac OS X 10_15_7) AppleWebKit/537.36 (KHTML, like Gecko) Chrome/113.0.0.0 Safari/537.36"
195.249.146.100 - - [27/May/2023:10:02:32 +0000] "GET /wp-includes/js/quicktags.min.js?ver=6.2.2 HTTP/1.1" 304 0 "https://powerbimbo.vps.webdock.cloud/wp-admin/" "Mozilla/5.0 (Macintosh; Intel Mac OS X 10_15_7) AppleWebKit/537.36 (KHTML, like Gecko) Chrome/113.0.0.0 Safari/537.36"
195.249.146.100 - - [27/May/2023:10:02:32 +0000] "GET /wp-includes/js/jquery/jquery.query.js?ver=2.2.3 HTTP/1.1" 304 0 "https://powerbimbo.vps.webdock.cloud/wp-admin/" "Mozilla/5.0 (Macintosh; Intel Mac OS X 10_15_7) AppleWebKit/537.36 (KHTML, like Gecko) Chrome/113.0.0.0 Safari/537.36"
195.249.146.100 - - [27/May/2023:10:02:32 +0000] "GET /wp-admin/js/edit-comments.min.js?ver=6.2.2 HTTP/1.1" 304 0 "https://powerbimbo.vps.webdock.cloud/wp-admin/" "Mozilla/5.0 (Macintosh; Intel Mac OS X 10_15_7) AppleWebKit/537.36 (KHTML, like Gecko) Chrome/113.0.0.0 Safari/537.36"
195.249.146.100 - - [27/May/2023:10:02:32 +0000] "GET /wp-includes/js/jquery/ui/core.min.js?ver=1.13.2 HTTP/1.1" 304 0 "https://powerbimbo.vps.webdock.cloud/wp-admin/" "Mozilla/5.0 (Macintosh; Intel Mac OS X 10_15_7) AppleWebKit/537.36 (KHTML, like Gecko) Chrome/113.0.0.0 Safari/537.36"
195.249.146.100 - - [27/May/2023:10:02:32 +0000] "GET /wp-includes/js/jquery/ui/mouse.min.js?ver=1.13.2 HTTP/1.1" 304 0 "https://powerbimbo.vps.webdock.cloud/wp-admin/" "Mozilla/5.0 (Macintosh; Intel Mac OS X 10_15_7) AppleWebKit/537.36 (KHTML, like Gecko) Chrome/113.0.0.0 Safari/537.36"
195.249.146.100 - - [27/May/2023:10:02:32 +0000] "GET /wp-includes/js/jquery/ui/sortable.min.js?ver=1.13.2 HTTP/1.1" 304 0 "https://powerbimbo.vps.webdock.cloud/wp-admin/" "Mozilla/5.0 (Macintosh; Intel Mac OS X 10_15_7) AppleWebKit/537.36 (KHTML, like Gecko) Chrome/113.0.0.0 Safari/537.36"
195.249.146.100 - - [27/May/2023:10:02:32 +0000] "GET /wp-admin/js/postbox.min.js?ver=6.2.2 HTTP/1.1" 304 0 "https://powerbimbo.vps.webdock.cloud/wp-admin/" "Mozilla/5.0 (Macintosh; Intel Mac OS X 10_15_7) AppleWebKit/537.36 (KHTML, like Gecko) Chrome/113.0.0.0 Safari/537.36"
195.249.146.100 - - [27/May/2023:10:02:32 +0000] "GET /wp-includes/js/dist/vendor/moment.min.js?ver=2.29.4 HTTP/1.1" 304 0 "https://powerbimbo.vps.webdock.cloud/wp-admin/" "Mozilla/5.0 (Macintosh; Intel Mac OS X 10_15_7) AppleWebKit/537.36 (KHTML, like Gecko) Chrome/113.0.0.0 Safari/537.36"
195.249.146.100 - - [27/May/2023:10:02:32 +0000] "GET /wp-includes/js/dist/deprecated.min.js?ver=6c963cb9494ba26b77eb HTTP/1.1" 304 0 "https://powerbimbo.vps.webdock.cloud/wp-admin/" "Mozilla/5.0 (Macintosh; Intel Mac OS X 10_15_7) AppleWebKit/537.36 (KHTML, like Gecko) Chrome/113.0.0.0 Safari/537.36"
195.249.146.100 - - [27/May/2023:10:02:32 +0000] "GET /wp-admin/js/dashboard.min.js?ver=6.2.2 HTTP/1.1" 304 0 "https://powerbimbo.vps.webdock.cloud/wp-admin/" "Mozilla/5.0 (Macintosh; Intel Mac OS X 10_15_7) AppleWebKit/537.36 (KHTML, like Gecko) Chrome/113.0.0.0 Safari/537.36"
195.249.146.100 - - [27/May/2023:10:02:32 +0000] "GET /wp-admin/js/plugin-install.min.js?ver=6.2.2 HTTP/1.1" 304 0 "https://powerbimbo.vps.webdock.cloud/wp-admin/" "Mozilla/5.0 (Macintosh; Intel Mac OS X 10_15_7) AppleWebKit/537.36 (KHTML, like Gecko) Chrome/113.0.0.0 Safari/537.36"
195.249.146.100 - - [27/May/2023:10:02:32 +0000] "GET /wp-includes/js/thickbox/thickbox.js?ver=3.1-20121105 HTTP/1.1" 304 0 "https://powerbimbo.vps.webdock.cloud/wp-admin/" "Mozilla/5.0 (Macintosh; Intel Mac OS X 10_15_7) AppleWebKit/537.36 (KHTML, like Gecko) Chrome/113.0.0.0 Safari/537.36"
195.249.146.100 - - [27/May/2023:10:02:32 +0000] "GET /wp-includes/js/wp-sanitize.min.js?ver=6.2.2 HTTP/1.1" 304 0 "https://powerbimbo.vps.webdock.cloud/wp-admin/" "Mozilla/5.0 (Macintosh; Intel Mac OS X 10_15_7) AppleWebKit/537.36 (KHTML, like Gecko) Chrome/113.0.0.0 Safari/537.36"
195.249.146.100 - - [27/May/2023:10:02:32 +0000] "GET /wp-admin/js/updates.min.js?ver=6.2.2 HTTP/1.1" 304 0 "https://powerbimbo.vps.webdock.cloud/wp-admin/" "Mozilla/5.0 (Macintosh; Intel Mac OS X 10_15_7) AppleWebKit/537.36 (KHTML, like Gecko) Chrome/113.0.0.0 Safari/537.36"
195.249.146.100 - - [27/May/2023:10:02:32 +0000] "GET /wp-includes/js/shortcode.min.js?ver=6.2.2 HTTP/1.1" 304 0 "https://powerbimbo.vps.webdock.cloud/wp-admin/" "Mozilla/5.0 (Macintosh; Intel Mac OS X 10_15_7) AppleWebKit/537.36 (KHTML, like Gecko) Chrome/113.0.0.0 Safari/537.36"
195.249.146.100 - - [27/May/2023:10:02:32 +0000] "GET /wp-admin/js/media-upload.min.js?ver=6.2.2 HTTP/1.1" 304 0 "https://powerbimbo.vps.webdock.cloud/wp-admin/" "Mozilla/5.0 (Macintosh; Intel Mac OS X 10_15_7) AppleWebKit/537.36 (KHTML, like Gecko) Chrome/113.0.0.0 Safari/537.36"
195.249.146.100 - - [27/May/2023:10:02:32 +0000] "GET /wp-admin/js/svg-painter.js?ver=6.2.2 HTTP/1.1" 304 0 "https://powerbimbo.vps.webdock.cloud/wp-admin/" "Mozilla/5.0 (Macintosh; Intel Mac OS X 10_15_7) AppleWebKit/537.36 (KHTML, like Gecko) Chrome/113.0.0.0 Safari/537.36"
195.249.146.100 - - [27/May/2023:10:02:32 +0000] "GET /wp-includes/js/heartbeat.min.js?ver=6.2.2 HTTP/1.1" 304 0 "https://powerbimbo.vps.webdock.cloud/wp-admin/" "Mozilla/5.0 (Macintosh; Intel Mac OS X 10_15_7) AppleWebKit/537.36 (KHTML, like Gecko) Chrome/113.0.0.0 Safari/537.36"
195.249.146.100 - - [27/May/2023:10:02:32 +0000] "GET /wp-includes/js/wp-auth-check.min.js?ver=6.2.2 HTTP/1.1" 304 0 "https://powerbimbo.vps.webdock.cloud/wp-admin/" "Mozilla/5.0 (Macintosh; Intel Mac OS X 10_15_7) AppleWebKit/537.36 (KHTML, like Gecko) Chrome/113.0.0.0 Safari/537.36"
195.249.146.100 - - [27/May/2023:10:02:32 +0000] "GET /wp-includes/js/wp-emoji-release.min.js?ver=6.2.2 HTTP/1.1" 304 0 "https://powerbimbo.vps.webdock.cloud/wp-admin/" "Mozilla/5.0 (Macintosh; Intel Mac OS X 10_15_7) AppleWebKit/537.36 (KHTML, like Gecko) Chrome/113.0.0.0 Safari/537.36"
195.249.146.100 - - [27/May/2023:10:02:33 +0000] "GET /wp-includes/js/thickbox/loadingAnimation.gif HTTP/1.1" 304 0 "https://powerbimbo.vps.webdock.cloud/wp-admin/" "Mozilla/5.0 (Macintosh; Intel Mac OS X 10_15_7) AppleWebKit/537.36 (KHTML, like Gecko) Chrome/113.0.0.0 Safari/537.36"
195.249.146.100 - - [27/May/2023:10:02:33 +0000] "POST /wp-admin/admin-ajax.php HTTP/1.1" 200 308 "https://powerbimbo.vps.webdock.cloud/wp-admin/" "Mozilla/5.0 (Macintosh; Intel Mac OS X 10_15_7) AppleWebKit/537.36 (KHTML, like Gecko) Chrome/113.0.0.0 Safari/537.36"
195.249.146.100 - - [27/May/2023:10:02:34 +0000] "GET /wp-admin/admin-ajax.php?action=dashboard-widgets&widget=dashboard_primary&pagenow=dashboard HTTP/1.1" 200 424 "https://powerbimbo.vps.webdock.cloud/wp-admin/" "Mozilla/5.0 (Macintosh; Intel Mac OS X 10_15_7) AppleWebKit/537.36 (KHTML, like Gecko) Chrome/113.0.0.0 Safari/537.36"
195.249.146.100 - - [27/May/2023:10:03:33 +0000] "POST /wp-admin/admin-ajax.php HTTP/1.1" 200 76 "https://powerbimbo.vps.webdock.cloud/wp-admin/" "Mozilla/5.0 (Macintosh; Intel Mac OS X 10_15_7) AppleWebKit/537.36 (KHTML, like Gecko) Chrome/113.0.0.0 Safari/537.36"
195.249.146.100 - - [27/May/2023:10:03:55 +0000] "GET /wp-admin/edit.php?post_type=page HTTP/1.1" 200 10941 "https://powerbimbo.vps.webdock.cloud/wp-admin/" "Mozilla/5.0 (Macintosh; Intel Mac OS X 10_15_7) AppleWebKit/537.36 (KHTML, like Gecko) Chrome/113.0.0.0 Safari/537.36"
195.249.146.100 - - [27/May/2023:10:03:55 +0000] "GET /wp-includes/js/jquery/ui/menu.min.js?ver=1.13.2 HTTP/1.1" 304 0 "https://powerbimbo.vps.webdock.cloud/wp-admin/edit.php?post_type=page" "Mozilla/5.0 (Macintosh; Intel Mac OS X 10_15_7) AppleWebKit/537.36 (KHTML, like Gecko) Chrome/113.0.0.0 Safari/537.36"
195.249.146.100 - - [27/May/2023:10:03:55 +0000] "GET /wp-admin/load-styles.php?c=0&dir=ltr&load%5Bchunk_0%5D=dashicons,admin-bar,common,forms,admin-menu,dashboard,list-tables,edit,revisions,media,themes,about,nav-menus,wp-pointer,widgets&load%5Bchunk_1%5D=,site-icon,l10n,buttons,wp-auth-check&ver=6.2.2 HTTP/1.1" 200 99951 "https://powerbimbo.vps.webdock.cloud/wp-admin/edit.php?post_type=page" "Mozilla/5.0 (Macintosh; Intel Mac OS X 10_15_7) AppleWebKit/537.36 (KHTML, like Gecko) Chrome/113.0.0.0 Safari/537.36"
195.249.146.100 - - [27/May/2023:10:03:55 +0000] "GET /wp-admin/js/tags-suggest.min.js?ver=6.2.2 HTTP/1.1" 304 0 "https://powerbimbo.vps.webdock.cloud/wp-admin/edit.php?post_type=page" "Mozilla/5.0 (Macintosh; Intel Mac OS X 10_15_7) AppleWebKit/537.36 (KHTML, like Gecko) Chrome/113.0.0.0 Safari/537.36"
195.249.146.100 - - [27/May/2023:10:03:56 +0000] "GET /wp-admin/js/inline-edit-post.min.js?ver=6.2.2 HTTP/1.1" 304 0 "https://powerbimbo.vps.webdock.cloud/wp-admin/edit.php?post_type=page" "Mozilla/5.0 (Macintosh; Intel Mac OS X 10_15_7) AppleWebKit/537.36 (KHTML, like Gecko) Chrome/113.0.0.0 Safari/537.36"
195.249.146.100 - - [27/May/2023:10:03:56 +0000] "GET /wp-includes/js/jquery/ui/autocomplete.min.js?ver=1.13.2 HTTP/1.1" 304 0 "https://powerbimbo.vps.webdock.cloud/wp-admin/edit.php?post_type=page" "Mozilla/5.0 (Macintosh; Intel Mac OS X 10_15_7) AppleWebKit/537.36 (KHTML, like Gecko) Chrome/113.0.0.0 Safari/537.36"
195.249.146.100 - - [27/May/2023:10:03:56 +0000] "POST /wp-admin/admin-ajax.php HTTP/1.1" 200 78 "https://powerbimbo.vps.webdock.cloud/wp-admin/edit.php?post_type=page" "Mozilla/5.0 (Macintosh; Intel Mac OS X 10_15_7) AppleWebKit/537.36 (KHTML, like Gecko) Chrome/113.0.0.0 Safari/537.36"
195.249.146.100 - - [27/May/2023:10:04:01 +0000] "GET /wp-admin/post-new.php?post_type=page HTTP/1.1" 200 33696 "https://powerbimbo.vps.webdock.cloud/wp-admin/edit.php?post_type=page" "Mozilla/5.0 (Macintosh; Intel Mac OS X 10_15_7) AppleWebKit/537.36 (KHTML, like Gecko) Chrome/113.0.0.0 Safari/537.36"
195.249.146.100 - - [27/May/2023:10:04:01 +0000] "GET /wp-includes/js/mediaelement/mediaelementplayer-legacy.min.css?ver=4.2.17 HTTP/1.1" 304 0 "https://powerbimbo.vps.webdock.cloud/wp-admin/post-new.php?post_type=page" "Mozilla/5.0 (Macintosh; Intel Mac OS X 10_15_7) AppleWebKit/537.36 (KHTML, like Gecko) Chrome/113.0.0.0 Safari/537.36"
195.249.146.100 - - [27/May/2023:10:04:01 +0000] "GET /wp-includes/js/mediaelement/wp-mediaelement.min.css?ver=6.2.2 HTTP/1.1" 304 0 "https://powerbimbo.vps.webdock.cloud/wp-admin/post-new.php?post_type=page" "Mozilla/5.0 (Macintosh; Intel Mac OS X 10_15_7) AppleWebKit/537.36 (KHTML, like Gecko) Chrome/113.0.0.0 Safari/537.36"
195.249.146.100 - - [27/May/2023:10:04:01 +0000] "GET /wp-includes/js/plupload/moxie.min.js?ver=1.3.5 HTTP/1.1" 200 27681 "https://powerbimbo.vps.webdock.cloud/wp-admin/post-new.php?post_type=page" "Mozilla/5.0 (Macintosh; Intel Mac OS X 10_15_7) AppleWebKit/537.36 (KHTML, like Gecko) Chrome/113.0.0.0 Safari/537.36"
195.249.146.100 - - [27/May/2023:10:04:01 +0000] "GET /wp-admin/load-scripts.php?c=0&load%5Bchunk_0%5D=jquery-core,jquery-migrate,utils,wp-polyfill-inert,regenerator-runtime,wp-polyfill,wp-hooks&ver=6.2.2 HTTP/1.1" 200 48034 "https://powerbimbo.vps.webdock.cloud/wp-admin/post-new.php?post_type=page" "Mozilla/5.0 (Macintosh; Intel Mac OS X 10_15_7) AppleWebKit/537.36 (KHTML, like Gecko) Chrome/113.0.0.0 Safari/537.36"
195.249.146.100 - - [27/May/2023:10:04:01 +0000] "GET /wp-content/plugins/advanced-custom-fields-pro/assets/build/css/acf-input.css?ver=6.1.6 HTTP/1.1" 304 0 "https://powerbimbo.vps.webdock.cloud/wp-admin/post-new.php?post_type=page" "Mozilla/5.0 (Macintosh; Intel Mac OS X 10_15_7) AppleWebKit/537.36 (KHTML, like Gecko) Chrome/113.0.0.0 Safari/537.36"
195.249.146.100 - - [27/May/2023:10:04:01 +0000] "GET /wp-admin/load-styles.php?c=0&dir=ltr&load%5Bchunk_0%5D=dashicons,admin-bar,buttons,media-views,common,forms,admin-menu,dashboard,list-tables,edit,revisions,media,themes,about,nav-menu&load%5Bchunk_1%5D=s,wp-pointer,widgets,site-icon,l10n,wp-auth-check,wp-color-picker&ver=6.2.2 HTTP/1.1" 200 108687 "https://powerbimbo.vps.webdock.cloud/wp-admin/post-new.php?post_type=page" "Mozilla/5.0 (Macintosh; Intel Mac OS X 10_15_7) AppleWebKit/537.36 (KHTML, like Gecko) Chrome/113.0.0.0 Safari/537.36"
195.249.146.100 - - [27/May/2023:10:04:01 +0000] "GET /wp-includes/js/imgareaselect/imgareaselect.css?ver=0.9.8 HTTP/1.1" 304 0 "https://powerbimbo.vps.webdock.cloud/wp-admin/post-new.php?post_type=page" "Mozilla/5.0 (Macintosh; Intel Mac OS X 10_15_7) AppleWebKit/537.36 (KHTML, like Gecko) Chrome/113.0.0.0 Safari/537.36"
195.249.146.100 - - [27/May/2023:10:04:01 +0000] "GET /wp-content/plugins/advanced-custom-fields-pro/assets/build/css/pro/acf-pro-input.css?ver=6.1.6 HTTP/1.1" 304 0 "https://powerbimbo.vps.webdock.cloud/wp-admin/post-new.php?post_type=page" "Mozilla/5.0 (Macintosh; Intel Mac OS X 10_15_7) AppleWebKit/537.36 (KHTML, like Gecko) Chrome/113.0.0.0 Safari/537.36"
195.249.146.100 - - [27/May/2023:10:04:01 +0000] "GET /wp-content/plugins/advanced-custom-fields-pro/assets/inc/select2/4/select2.min.css?ver=4.0.13 HTTP/1.1" 304 0 "https://powerbimbo.vps.webdock.cloud/wp-admin/post-new.php?post_type=page" "Mozilla/5.0 (Macintosh; Intel Mac OS X 10_15_7) AppleWebKit/537.36 (KHTML, like Gecko) Chrome/113.0.0.0 Safari/537.36"
195.249.146.100 - - [27/May/2023:10:04:01 +0000] "GET /wp-content/plugins/advanced-custom-fields-pro/assets/inc/datepicker/jquery-ui.min.css?ver=1.11.4 HTTP/1.1" 304 0 "https://powerbimbo.vps.webdock.cloud/wp-admin/post-new.php?post_type=page" "Mozilla/5.0 (Macintosh; Intel Mac OS X 10_15_7) AppleWebKit/537.36 (KHTML, like Gecko) Chrome/113.0.0.0 Safari/537.36"
195.249.146.100 - - [27/May/2023:10:04:01 +0000] "GET /wp-content/plugins/advanced-custom-fields-pro/assets/inc/timepicker/jquery-ui-timepicker-addon.min.css?ver=1.6.1 HTTP/1.1" 304 0 "https://powerbimbo.vps.webdock.cloud/wp-admin/post-new.php?post_type=page" "Mozilla/5.0 (Macintosh; Intel Mac OS X 10_15_7) AppleWebKit/537.36 (KHTML, like Gecko) Chrome/113.0.0.0 Safari/537.36"
195.249.146.100 - - [27/May/2023:10:04:01 +0000] "GET /wp-includes/css/editor.min.css?ver=6.2.2 HTTP/1.1" 304 0 "https://powerbimbo.vps.webdock.cloud/wp-admin/post-new.php?post_type=page" "Mozilla/5.0 (Macintosh; Intel Mac OS X 10_15_7) AppleWebKit/537.36 (KHTML, like Gecko) Chrome/113.0.0.0 Safari/537.36"
195.249.146.100 - - [27/May/2023:10:04:01 +0000] "GET /wp-content/plugins/advanced-custom-fields-pro/assets/build/js/acf-input.min.js?ver=6.1.6 HTTP/1.1" 200 28312 "https://powerbimbo.vps.webdock.cloud/wp-admin/post-new.php?post_type=page" "Mozilla/5.0 (Macintosh; Intel Mac OS X 10_15_7) AppleWebKit/537.36 (KHTML, like Gecko) Chrome/113.0.0.0 Safari/537.36"
195.249.146.100 - - [27/May/2023:10:04:01 +0000] "GET /wp-content/plugins/advanced-custom-fields-pro/assets/inc/select2/4/select2.full.min.js?ver=4.0.13 HTTP/1.1" 200 21994 "https://powerbimbo.vps.webdock.cloud/wp-admin/post-new.php?post_type=page" "Mozilla/5.0 (Macintosh; Intel Mac OS X 10_15_7) AppleWebKit/537.36 (KHTML, like Gecko) Chrome/113.0.0.0 Safari/537.36"
195.249.146.100 - - [27/May/2023:10:04:01 +0000] "GET /wp-includes/js/plupload/plupload.min.js?ver=2.1.9 HTTP/1.1" 304 0 "https://powerbimbo.vps.webdock.cloud/wp-admin/post-new.php?post_type=page" "Mozilla/5.0 (Macintosh; Intel Mac OS X 10_15_7) AppleWebKit/537.36 (KHTML, like Gecko) Chrome/113.0.0.0 Safari/537.36"
195.249.146.100 - - [27/May/2023:10:04:01 +0000] "GET /wp-includes/js/jquery/ui/resizable.min.js?ver=1.13.2 HTTP/1.1" 304 0 "https://powerbimbo.vps.webdock.cloud/wp-admin/post-new.php?post_type=page" "Mozilla/5.0 (Macintosh; Intel Mac OS X 10_15_7) AppleWebKit/537.36 (KHTML, like Gecko) Chrome/113.0.0.0 Safari/537.36"
195.249.146.100 - - [27/May/2023:10:04:01 +0000] "GET /wp-content/plugins/advanced-custom-fields-pro/assets/build/js/acf.min.js?ver=6.1.6 HTTP/1.1" 304 0 "https://powerbimbo.vps.webdock.cloud/wp-admin/post-new.php?post_type=page" "Mozilla/5.0 (Macintosh; Intel Mac OS X 10_15_7) AppleWebKit/537.36 (KHTML, like Gecko) Chrome/113.0.0.0 Safari/537.36"
195.249.146.100 - - [27/May/2023:10:04:01 +0000] "GET /wp-content/plugins/advanced-custom-fields-pro/assets/build/js/pro/acf-pro-input.min.js?ver=6.1.6 HTTP/1.1" 304 0 "https://powerbimbo.vps.webdock.cloud/wp-admin/post-new.php?post_type=page" "Mozilla/5.0 (Macintosh; Intel Mac OS X 10_15_7) AppleWebKit/537.36 (KHTML, like Gecko) Chrome/113.0.0.0 Safari/537.36"
195.249.146.100 - - [27/May/2023:10:04:01 +0000] "GET /wp-includes/js/jquery/ui/datepicker.min.js?ver=1.13.2 HTTP/1.1" 304 0 "https://powerbimbo.vps.webdock.cloud/wp-admin/post-new.php?post_type=page" "Mozilla/5.0 (Macintosh; Intel Mac OS X 10_15_7) AppleWebKit/537.36 (KHTML, like Gecko) Chrome/113.0.0.0 Safari/537.36"
195.249.146.100 - - [27/May/2023:10:04:01 +0000] "GET /wp-content/plugins/advanced-custom-fields-pro/assets/inc/timepicker/jquery-ui-timepicker-addon.min.js?ver=1.6.1 HTTP/1.1" 304 0 "https://powerbimbo.vps.webdock.cloud/wp-admin/post-new.php?post_type=page" "Mozilla/5.0 (Macintosh; Intel Mac OS X 10_15_7) AppleWebKit/537.36 (KHTML, like Gecko) Chrome/113.0.0.0 Safari/537.36"
195.249.146.100 - - [27/May/2023:10:04:01 +0000] "GET /wp-includes/js/jquery/ui/draggable.min.js?ver=1.13.2 HTTP/1.1" 304 0 "https://powerbimbo.vps.webdock.cloud/wp-admin/post-new.php?post_type=page" "Mozilla/5.0 (Macintosh; Intel Mac OS X 10_15_7) AppleWebKit/537.36 (KHTML, like Gecko) Chrome/113.0.0.0 Safari/537.36"
195.249.146.100 - - [27/May/2023:10:04:01 +0000] "GET /wp-includes/js/jquery/ui/slider.min.js?ver=1.13.2 HTTP/1.1" 304 0 "https://powerbimbo.vps.webdock.cloud/wp-admin/post-new.php?post_type=page" "Mozilla/5.0 (Macintosh; Intel Mac OS X 10_15_7) AppleWebKit/537.36 (KHTML, like Gecko) Chrome/113.0.0.0 Safari/537.36"
195.249.146.100 - - [27/May/2023:10:04:01 +0000] "GET /wp-includes/js/jquery/jquery.ui.touch-punch.js?ver=0.2.2 HTTP/1.1" 304 0 "https://powerbimbo.vps.webdock.cloud/wp-admin/post-new.php?post_type=page" "Mozilla/5.0 (Macintosh; Intel Mac OS X 10_15_7) AppleWebKit/537.36 (KHTML, like Gecko) Chrome/113.0.0.0 Safari/537.36"
195.249.146.100 - - [27/May/2023:10:04:01 +0000] "GET /wp-admin/js/iris.min.js?ver=1.1.1 HTTP/1.1" 304 0 "https://powerbimbo.vps.webdock.cloud/wp-admin/post-new.php?post_type=page" "Mozilla/5.0 (Macintosh; Intel Mac OS X 10_15_7) AppleWebKit/537.36 (KHTML, like Gecko) Chrome/113.0.0.0 Safari/537.36"
195.249.146.100 - - [27/May/2023:10:04:01 +0000] "GET /wp-content/plugins/advanced-custom-fields-pro/assets/inc/color-picker-alpha/wp-color-picker-alpha.js?ver=3.0.0 HTTP/1.1" 304 0 "https://powerbimbo.vps.webdock.cloud/wp-admin/post-new.php?post_type=page" "Mozilla/5.0 (Macintosh; Intel Mac OS X 10_15_7) AppleWebKit/537.36 (KHTML, like Gecko) Chrome/113.0.0.0 Safari/537.36"
195.249.146.100 - - [27/May/2023:10:04:01 +0000] "GET /wp-admin/js/color-picker.min.js?ver=6.2.2 HTTP/1.1" 304 0 "https://powerbimbo.vps.webdock.cloud/wp-admin/post-new.php?post_type=page" "Mozilla/5.0 (Macintosh; Intel Mac OS X 10_15_7) AppleWebKit/537.36 (KHTML, like Gecko) Chrome/113.0.0.0 Safari/537.36"
195.249.146.100 - - [27/May/2023:10:04:01 +0000] "GET /wp-includes/js/autosave.min.js?ver=6.2.2 HTTP/1.1" 304 0 "https://powerbimbo.vps.webdock.cloud/wp-admin/post-new.php?post_type=page" "Mozilla/5.0 (Macintosh; Intel Mac OS X 10_15_7) AppleWebKit/537.36 (KHTML, like Gecko) Chrome/113.0.0.0 Safari/537.36"
195.249.146.100 - - [27/May/2023:10:04:01 +0000] "GET /wp-includes/js/jquery/suggest.min.js?ver=1.1-20110113 HTTP/1.1" 304 0 "https://powerbimbo.vps.webdock.cloud/wp-admin/post-new.php?post_type=page" "Mozilla/5.0 (Macintosh; Intel Mac OS X 10_15_7) AppleWebKit/537.36 (KHTML, like Gecko) Chrome/113.0.0.0 Safari/537.36"
195.249.146.100 - - [27/May/2023:10:04:01 +0000] "GET /wp-admin/js/tags-box.min.js?ver=6.2.2 HTTP/1.1" 304 0 "https://powerbimbo.vps.webdock.cloud/wp-admin/post-new.php?post_type=page" "Mozilla/5.0 (Macintosh; Intel Mac OS X 10_15_7) AppleWebKit/537.36 (KHTML, like Gecko) Chrome/113.0.0.0 Safari/537.36"
195.249.146.100 - - [27/May/2023:10:04:01 +0000] "GET /wp-admin/js/word-count.min.js?ver=6.2.2 HTTP/1.1" 304 0 "https://powerbimbo.vps.webdock.cloud/wp-admin/post-new.php?post_type=page" "Mozilla/5.0 (Macintosh; Intel Mac OS X 10_15_7) AppleWebKit/537.36 (KHTML, like Gecko) Chrome/113.0.0.0 Safari/537.36"
195.249.146.100 - - [27/May/2023:10:04:01 +0000] "GET /wp-admin/js/post.min.js?ver=6.2.2 HTTP/1.1" 304 0 "https://powerbimbo.vps.webdock.cloud/wp-admin/post-new.php?post_type=page" "Mozilla/5.0 (Macintosh; Intel Mac OS X 10_15_7) AppleWebKit/537.36 (KHTML, like Gecko) Chrome/113.0.0.0 Safari/537.36"
195.249.146.100 - - [27/May/2023:10:04:01 +0000] "GET /wp-admin/js/editor-expand.min.js?ver=6.2.2 HTTP/1.1" 304 0 "https://powerbimbo.vps.webdock.cloud/wp-admin/post-new.php?post_type=page" "Mozilla/5.0 (Macintosh; Intel Mac OS X 10_15_7) AppleWebKit/537.36 (KHTML, like Gecko) Chrome/113.0.0.0 Safari/537.36"
