87.61.124.242 - - [26/May/2023:07:58:52 +0000] "GET /wp-content/plugins/advanced-custom-fields-pro/assets/images/field-type-icons/icon-field-button-group.svg HTTP/1.1" 200 329 "https://powerbimbo.vps.webdock.cloud/wp-content/plugins/advanced-custom-fields-pro/assets/build/css/acf-global.css?ver=6.1.6" "Mozilla/5.0 (Macintosh; Intel Mac OS X 10_15_7) AppleWebKit/537.36 (KHTML, like Gecko) Chrome/113.0.0.0 Safari/537.36"
87.61.124.242 - - [26/May/2023:07:58:52 +0000] "GET /wp-content/plugins/advanced-custom-fields-pro/assets/images/field-type-icons/icon-field-radio.svg HTTP/1.1" 200 389 "https://powerbimbo.vps.webdock.cloud/wp-content/plugins/advanced-custom-fields-pro/assets/build/css/acf-global.css?ver=6.1.6" "Mozilla/5.0 (Macintosh; Intel Mac OS X 10_15_7) AppleWebKit/537.36 (KHTML, like Gecko) Chrome/113.0.0.0 Safari/537.36"
87.61.124.242 - - [26/May/2023:07:58:52 +0000] "GET /wp-content/plugins/advanced-custom-fields-pro/assets/images/field-type-icons/icon-field-checkbox.svg HTTP/1.1" 200 314 "https://powerbimbo.vps.webdock.cloud/wp-content/plugins/advanced-custom-fields-pro/assets/build/css/acf-global.css?ver=6.1.6" "Mozilla/5.0 (Macintosh; Intel Mac OS X 10_15_7) AppleWebKit/537.36 (KHTML, like Gecko) Chrome/113.0.0.0 Safari/537.36"
87.61.124.242 - - [26/May/2023:07:58:52 +0000] "GET /wp-content/plugins/advanced-custom-fields-pro/assets/images/field-type-icons/icon-field-true-false.svg HTTP/1.1" 200 258 "https://powerbimbo.vps.webdock.cloud/wp-content/plugins/advanced-custom-fields-pro/assets/build/css/acf-global.css?ver=6.1.6" "Mozilla/5.0 (Macintosh; Intel Mac OS X 10_15_7) AppleWebKit/537.36 (KHTML, like Gecko) Chrome/113.0.0.0 Safari/537.36"
87.61.124.242 - - [26/May/2023:07:58:52 +0000] "GET /wp-content/plugins/advanced-custom-fields-pro/assets/images/field-type-icons/icon-field-relationship.svg HTTP/1.1" 200 229 "https://powerbimbo.vps.webdock.cloud/wp-content/plugins/advanced-custom-fields-pro/assets/build/css/acf-global.css?ver=6.1.6" "Mozilla/5.0 (Macintosh; Intel Mac OS X 10_15_7) AppleWebKit/537.36 (KHTML, like Gecko) Chrome/113.0.0.0 Safari/537.36"
87.61.124.242 - - [26/May/2023:07:58:52 +0000] "GET /wp-content/plugins/advanced-custom-fields-pro/assets/images/field-type-icons/icon-field-link.svg HTTP/1.1" 200 234 "https://powerbimbo.vps.webdock.cloud/wp-content/plugins/advanced-custom-fields-pro/assets/build/css/acf-global.css?ver=6.1.6" "Mozilla/5.0 (Macintosh; Intel Mac OS X 10_15_7) AppleWebKit/537.36 (KHTML, like Gecko) Chrome/113.0.0.0 Safari/537.36"
87.61.124.242 - - [26/May/2023:07:58:52 +0000] "GET /wp-content/plugins/advanced-custom-fields-pro/assets/images/field-type-icons/icon-field-page-link.svg HTTP/1.1" 200 328 "https://powerbimbo.vps.webdock.cloud/wp-content/plugins/advanced-custom-fields-pro/assets/build/css/acf-global.css?ver=6.1.6" "Mozilla/5.0 (Macintosh; Intel Mac OS X 10_15_7) AppleWebKit/537.36 (KHTML, like Gecko) Chrome/113.0.0.0 Safari/537.36"
87.61.124.242 - - [26/May/2023:07:58:52 +0000] "GET /wp-content/plugins/advanced-custom-fields-pro/assets/images/field-type-icons/icon-field-post-object.svg HTTP/1.1" 200 340 "https://powerbimbo.vps.webdock.cloud/wp-content/plugins/advanced-custom-fields-pro/assets/build/css/acf-global.css?ver=6.1.6" "Mozilla/5.0 (Macintosh; Intel Mac OS X 10_15_7) AppleWebKit/537.36 (KHTML, like Gecko) Chrome/113.0.0.0 Safari/537.36"
87.61.124.242 - - [26/May/2023:07:58:52 +0000] "GET /wp-content/plugins/advanced-custom-fields-pro/assets/images/field-type-icons/icon-field-taxonomy.svg HTTP/1.1" 200 402 "https://powerbimbo.vps.webdock.cloud/wp-content/plugins/advanced-custom-fields-pro/assets/build/css/acf-global.css?ver=6.1.6" "Mozilla/5.0 (Macintosh; Intel Mac OS X 10_15_7) AppleWebKit/537.36 (KHTML, like Gecko) Chrome/113.0.0.0 Safari/537.36"
87.61.124.242 - - [26/May/2023:07:58:52 +0000] "GET /wp-content/plugins/advanced-custom-fields-pro/assets/images/field-type-icons/icon-field-date-time-picker.svg HTTP/1.1" 200 321 "https://powerbimbo.vps.webdock.cloud/wp-content/plugins/advanced-custom-fields-pro/assets/build/css/acf-global.css?ver=6.1.6" "Mozilla/5.0 (Macintosh; Intel Mac OS X 10_15_7) AppleWebKit/537.36 (KHTML, like Gecko) Chrome/113.0.0.0 Safari/537.36"
87.61.124.242 - - [26/May/2023:07:58:52 +0000] "GET /wp-content/plugins/advanced-custom-fields-pro/assets/images/field-type-icons/icon-field-google-map.svg HTTP/1.1" 200 231 "https://powerbimbo.vps.webdock.cloud/wp-content/plugins/advanced-custom-fields-pro/assets/build/css/acf-global.css?ver=6.1.6" "Mozilla/5.0 (Macintosh; Intel Mac OS X 10_15_7) AppleWebKit/537.36 (KHTML, like Gecko) Chrome/113.0.0.0 Safari/537.36"
87.61.124.242 - - [26/May/2023:07:58:52 +0000] "GET /wp-content/plugins/advanced-custom-fields-pro/assets/images/field-type-icons/icon-field-time-picker.svg HTTP/1.1" 200 211 "https://powerbimbo.vps.webdock.cloud/wp-content/plugins/advanced-custom-fields-pro/assets/build/css/acf-global.css?ver=6.1.6" "Mozilla/5.0 (Macintosh; Intel Mac OS X 10_15_7) AppleWebKit/537.36 (KHTML, like Gecko) Chrome/113.0.0.0 Safari/537.36"
87.61.124.242 - - [26/May/2023:07:58:52 +0000] "GET /wp-content/plugins/advanced-custom-fields-pro/assets/images/field-type-icons/icon-field-user.svg HTTP/1.1" 200 281 "https://powerbimbo.vps.webdock.cloud/wp-content/plugins/advanced-custom-fields-pro/assets/build/css/acf-global.css?ver=6.1.6" "Mozilla/5.0 (Macintosh; Intel Mac OS X 10_15_7) AppleWebKit/537.36 (KHTML, like Gecko) Chrome/113.0.0.0 Safari/537.36"
87.61.124.242 - - [26/May/2023:07:58:52 +0000] "GET /wp-content/plugins/advanced-custom-fields-pro/assets/images/field-type-icons/icon-field-date-picker.svg HTTP/1.1" 200 321 "https://powerbimbo.vps.webdock.cloud/wp-content/plugins/advanced-custom-fields-pro/assets/build/css/acf-global.css?ver=6.1.6" "Mozilla/5.0 (Macintosh; Intel Mac OS X 10_15_7) AppleWebKit/537.36 (KHTML, like Gecko) Chrome/113.0.0.0 Safari/537.36"
87.61.124.242 - - [26/May/2023:07:58:52 +0000] "GET /wp-content/plugins/advanced-custom-fields-pro/assets/images/field-type-icons/icon-field-color-picker.svg HTTP/1.1" 200 231 "https://powerbimbo.vps.webdock.cloud/wp-content/plugins/advanced-custom-fields-pro/assets/build/css/acf-global.css?ver=6.1.6" "Mozilla/5.0 (Macintosh; Intel Mac OS X 10_15_7) AppleWebKit/537.36 (KHTML, like Gecko) Chrome/113.0.0.0 Safari/537.36"
87.61.124.242 - - [26/May/2023:07:58:52 +0000] "GET /wp-content/plugins/advanced-custom-fields-pro/assets/images/field-type-icons/icon-field-message.svg HTTP/1.1" 200 383 "https://powerbimbo.vps.webdock.cloud/wp-content/plugins/advanced-custom-fields-pro/assets/build/css/acf-global.css?ver=6.1.6" "Mozilla/5.0 (Macintosh; Intel Mac OS X 10_15_7) AppleWebKit/537.36 (KHTML, like Gecko) Chrome/113.0.0.0 Safari/537.36"
87.61.124.242 - - [26/May/2023:07:58:52 +0000] "GET /wp-content/plugins/advanced-custom-fields-pro/assets/images/field-type-icons/icon-field-accordion.svg HTTP/1.1" 200 1193 "https://powerbimbo.vps.webdock.cloud/wp-content/plugins/advanced-custom-fields-pro/assets/build/css/acf-global.css?ver=6.1.6" "Mozilla/5.0 (Macintosh; Intel Mac OS X 10_15_7) AppleWebKit/537.36 (KHTML, like Gecko) Chrome/113.0.0.0 Safari/537.36"
87.61.124.242 - - [26/May/2023:07:58:52 +0000] "GET /wp-content/plugins/advanced-custom-fields-pro/assets/images/field-type-icons/icon-field-group.svg HTTP/1.1" 200 288 "https://powerbimbo.vps.webdock.cloud/wp-content/plugins/advanced-custom-fields-pro/assets/build/css/acf-global.css?ver=6.1.6" "Mozilla/5.0 (Macintosh; Intel Mac OS X 10_15_7) AppleWebKit/537.36 (KHTML, like Gecko) Chrome/113.0.0.0 Safari/537.36"
87.61.124.242 - - [26/May/2023:07:58:52 +0000] "GET /wp-content/plugins/advanced-custom-fields-pro/assets/images/field-type-icons/icon-field-tab.svg HTTP/1.1" 200 379 "https://powerbimbo.vps.webdock.cloud/wp-content/plugins/advanced-custom-fields-pro/assets/build/css/acf-global.css?ver=6.1.6" "Mozilla/5.0 (Macintosh; Intel Mac OS X 10_15_7) AppleWebKit/537.36 (KHTML, like Gecko) Chrome/113.0.0.0 Safari/537.36"
87.61.124.242 - - [26/May/2023:07:58:52 +0000] "GET /wp-content/plugins/advanced-custom-fields-pro/assets/images/field-type-icons/icon-field-repeater.svg HTTP/1.1" 200 1032 "https://powerbimbo.vps.webdock.cloud/wp-content/plugins/advanced-custom-fields-pro/assets/build/css/acf-global.css?ver=6.1.6" "Mozilla/5.0 (Macintosh; Intel Mac OS X 10_15_7) AppleWebKit/537.36 (KHTML, like Gecko) Chrome/113.0.0.0 Safari/537.36"
87.61.124.242 - - [26/May/2023:07:58:52 +0000] "GET /wp-content/plugins/advanced-custom-fields-pro/assets/images/field-type-icons/icon-field-flexible-content.svg HTTP/1.1" 200 353 "https://powerbimbo.vps.webdock.cloud/wp-content/plugins/advanced-custom-fields-pro/assets/build/css/acf-global.css?ver=6.1.6" "Mozilla/5.0 (Macintosh; Intel Mac OS X 10_15_7) AppleWebKit/537.36 (KHTML, like Gecko) Chrome/113.0.0.0 Safari/537.36"
87.61.124.242 - - [26/May/2023:07:58:52 +0000] "GET /wp-content/plugins/advanced-custom-fields-pro/assets/images/field-type-icons/icon-field-clone.svg HTTP/1.1" 200 401 "https://powerbimbo.vps.webdock.cloud/wp-content/plugins/advanced-custom-fields-pro/assets/build/css/acf-global.css?ver=6.1.6" "Mozilla/5.0 (Macintosh; Intel Mac OS X 10_15_7) AppleWebKit/537.36 (KHTML, like Gecko) Chrome/113.0.0.0 Safari/537.36"
87.61.124.242 - - [26/May/2023:07:58:55 +0000] "GET /wp-content/plugins/advanced-custom-fields-pro/assets/images/spinner.gif HTTP/1.1" 200 4777 "https://powerbimbo.vps.webdock.cloud/wp-content/plugins/advanced-custom-fields-pro/assets/build/css/acf-global.css?ver=6.1.6" "Mozilla/5.0 (Macintosh; Intel Mac OS X 10_15_7) AppleWebKit/537.36 (KHTML, like Gecko) Chrome/113.0.0.0 Safari/537.36"
87.61.124.242 - - [26/May/2023:07:58:55 +0000] "POST /wp-admin/admin-ajax.php HTTP/1.1" 200 896 "https://powerbimbo.vps.webdock.cloud/wp-admin/post-new.php?post_type=acf-field-group" "Mozilla/5.0 (Macintosh; Intel Mac OS X 10_15_7) AppleWebKit/537.36 (KHTML, like Gecko) Chrome/113.0.0.0 Safari/537.36"
87.61.124.242 - - [26/May/2023:07:59:45 +0000] "POST /wp-admin/post.php HTTP/1.1" 302 5 "https://powerbimbo.vps.webdock.cloud/wp-admin/post-new.php?post_type=acf-field-group" "Mozilla/5.0 (Macintosh; Intel Mac OS X 10_15_7) AppleWebKit/537.36 (KHTML, like Gecko) Chrome/113.0.0.0 Safari/537.36"
87.61.124.242 - - [26/May/2023:07:59:45 +0000] "GET /wp-admin/post.php?post=12&action=edit&message=6 HTTP/1.1" 200 23356 "https://powerbimbo.vps.webdock.cloud/wp-admin/post-new.php?post_type=acf-field-group" "Mozilla/5.0 (Macintosh; Intel Mac OS X 10_15_7) AppleWebKit/537.36 (KHTML, like Gecko) Chrome/113.0.0.0 Safari/537.36"
87.61.124.242 - - [26/May/2023:07:59:45 +0000] "GET /wp-content/plugins/advanced-custom-fields-pro/assets/images/icons/icon-check-circle-solid.svg HTTP/1.1" 200 235 "https://powerbimbo.vps.webdock.cloud/wp-content/plugins/advanced-custom-fields-pro/assets/build/css/acf-global.css?ver=6.1.6" "Mozilla/5.0 (Macintosh; Intel Mac OS X 10_15_7) AppleWebKit/537.36 (KHTML, like Gecko) Chrome/113.0.0.0 Safari/537.36"
87.61.124.242 - - [26/May/2023:07:59:45 +0000] "GET /wp-content/plugins/advanced-custom-fields-pro/assets/images/icons/icon-close.svg HTTP/1.1" 200 199 "https://powerbimbo.vps.webdock.cloud/wp-content/plugins/advanced-custom-fields-pro/assets/build/css/acf-global.css?ver=6.1.6" "Mozilla/5.0 (Macintosh; Intel Mac OS X 10_15_7) AppleWebKit/537.36 (KHTML, like Gecko) Chrome/113.0.0.0 Safari/537.36"
87.61.124.242 - - [26/May/2023:07:59:45 +0000] "GET /wp-admin/admin-ajax.php?action=oembed-cache&post=12 HTTP/1.1" 200 32 "https://powerbimbo.vps.webdock.cloud/wp-admin/post.php?post=12&action=edit" "Mozilla/5.0 (Macintosh; Intel Mac OS X 10_15_7) AppleWebKit/537.36 (KHTML, like Gecko) Chrome/113.0.0.0 Safari/537.36"
87.61.124.242 - - [26/May/2023:07:59:46 +0000] "GET /wp-admin/edit.php?post_type=page HTTP/1.1" 200 8481 "https://powerbimbo.vps.webdock.cloud/wp-admin/post.php?post=12&action=edit" "Mozilla/5.0 (Macintosh; Intel Mac OS X 10_15_7) AppleWebKit/537.36 (KHTML, like Gecko) Chrome/113.0.0.0 Safari/537.36"
87.61.124.242 - - [26/May/2023:07:59:46 +0000] "POST /wp-admin/admin-ajax.php HTTP/1.1" 200 32 "https://powerbimbo.vps.webdock.cloud/wp-admin/post.php?post=12&action=edit" "Mozilla/5.0 (Macintosh; Intel Mac OS X 10_15_7) AppleWebKit/537.36 (KHTML, like Gecko) Chrome/113.0.0.0 Safari/537.36"
87.61.124.242 - - [26/May/2023:07:59:46 +0000] "POST /wp-admin/admin-ajax.php HTTP/1.1" 200 78 "https://powerbimbo.vps.webdock.cloud/wp-admin/edit.php?post_type=page" "Mozilla/5.0 (Macintosh; Intel Mac OS X 10_15_7) AppleWebKit/537.36 (KHTML, like Gecko) Chrome/113.0.0.0 Safari/537.36"
87.61.124.242 - - [26/May/2023:07:59:49 +0000] "GET /wp-admin/post-new.php?post_type=page HTTP/1.1" 200 33701 "https://powerbimbo.vps.webdock.cloud/wp-admin/edit.php?post_type=page" "Mozilla/5.0 (Macintosh; Intel Mac OS X 10_15_7) AppleWebKit/537.36 (KHTML, like Gecko) Chrome/113.0.0.0 Safari/537.36"
87.61.124.242 - - [26/May/2023:07:59:49 +0000] "GET /wp-includes/js/mediaelement/mediaelementplayer-legacy.min.css?ver=4.2.17 HTTP/1.1" 304 0 "https://powerbimbo.vps.webdock.cloud/wp-admin/post-new.php?post_type=page" "Mozilla/5.0 (Macintosh; Intel Mac OS X 10_15_7) AppleWebKit/537.36 (KHTML, like Gecko) Chrome/113.0.0.0 Safari/537.36"
87.61.124.242 - - [26/May/2023:07:59:49 +0000] "GET /wp-includes/js/mediaelement/wp-mediaelement.min.css?ver=6.2.2 HTTP/1.1" 304 0 "https://powerbimbo.vps.webdock.cloud/wp-admin/post-new.php?post_type=page" "Mozilla/5.0 (Macintosh; Intel Mac OS X 10_15_7) AppleWebKit/537.36 (KHTML, like Gecko) Chrome/113.0.0.0 Safari/537.36"
87.61.124.242 - - [26/May/2023:07:59:49 +0000] "GET /wp-includes/css/editor.min.css?ver=6.2.2 HTTP/1.1" 304 0 "https://powerbimbo.vps.webdock.cloud/wp-admin/post-new.php?post_type=page" "Mozilla/5.0 (Macintosh; Intel Mac OS X 10_15_7) AppleWebKit/537.36 (KHTML, like Gecko) Chrome/113.0.0.0 Safari/537.36"
87.61.124.242 - - [26/May/2023:07:59:49 +0000] "GET /wp-includes/js/imgareaselect/imgareaselect.css?ver=0.9.8 HTTP/1.1" 304 0 "https://powerbimbo.vps.webdock.cloud/wp-admin/post-new.php?post_type=page" "Mozilla/5.0 (Macintosh; Intel Mac OS X 10_15_7) AppleWebKit/537.36 (KHTML, like Gecko) Chrome/113.0.0.0 Safari/537.36"
87.61.124.242 - - [26/May/2023:07:59:49 +0000] "GET /wp-includes/js/plupload/moxie.min.js?ver=1.3.5 HTTP/1.1" 304 0 "https://powerbimbo.vps.webdock.cloud/wp-admin/post-new.php?post_type=page" "Mozilla/5.0 (Macintosh; Intel Mac OS X 10_15_7) AppleWebKit/537.36 (KHTML, like Gecko) Chrome/113.0.0.0 Safari/537.36"
87.61.124.242 - - [26/May/2023:07:59:49 +0000] "GET /wp-includes/js/tinymce/tinymce.min.js?ver=49110-20201110 HTTP/1.1" 200 125521 "https://powerbimbo.vps.webdock.cloud/wp-admin/post-new.php?post_type=page" "Mozilla/5.0 (Macintosh; Intel Mac OS X 10_15_7) AppleWebKit/537.36 (KHTML, like Gecko) Chrome/113.0.0.0 Safari/537.36"
87.61.124.242 - - [26/May/2023:07:59:49 +0000] "GET /wp-includes/js/plupload/plupload.min.js?ver=2.1.9 HTTP/1.1" 304 0 "https://powerbimbo.vps.webdock.cloud/wp-admin/post-new.php?post_type=page" "Mozilla/5.0 (Macintosh; Intel Mac OS X 10_15_7) AppleWebKit/537.36 (KHTML, like Gecko) Chrome/113.0.0.0 Safari/537.36"
87.61.124.242 - - [26/May/2023:07:59:49 +0000] "GET /wp-admin/load-styles.php?c=0&dir=ltr&load%5Bchunk_0%5D=dashicons,admin-bar,buttons,media-views,common,forms,admin-menu,dashboard,list-tables,edit,revisions,media,themes,about,nav-menu&load%5Bchunk_1%5D=s,wp-pointer,widgets,site-icon,l10n,wp-auth-check,wp-color-picker&ver=6.2.2 HTTP/1.1" 200 108687 "https://powerbimbo.vps.webdock.cloud/wp-admin/post-new.php?post_type=page" "Mozilla/5.0 (Macintosh; Intel Mac OS X 10_15_7) AppleWebKit/537.36 (KHTML, like Gecko) Chrome/113.0.0.0 Safari/537.36"
87.61.124.242 - - [26/May/2023:07:59:49 +0000] "GET /wp-includes/js/autosave.min.js?ver=6.2.2 HTTP/1.1" 304 0 "https://powerbimbo.vps.webdock.cloud/wp-admin/post-new.php?post_type=page" "Mozilla/5.0 (Macintosh; Intel Mac OS X 10_15_7) AppleWebKit/537.36 (KHTML, like Gecko) Chrome/113.0.0.0 Safari/537.36"
87.61.124.242 - - [26/May/2023:07:59:49 +0000] "GET /wp-admin/js/editor-expand.min.js?ver=6.2.2 HTTP/1.1" 304 0 "https://powerbimbo.vps.webdock.cloud/wp-admin/post-new.php?post_type=page" "Mozilla/5.0 (Macintosh; Intel Mac OS X 10_15_7) AppleWebKit/537.36 (KHTML, like Gecko) Chrome/113.0.0.0 Safari/537.36"
87.61.124.242 - - [26/May/2023:07:59:49 +0000] "GET /wp-includes/js/backbone.min.js?ver=1.4.1 HTTP/1.1" 304 0 "https://powerbimbo.vps.webdock.cloud/wp-admin/post-new.php?post_type=page" "Mozilla/5.0 (Macintosh; Intel Mac OS X 10_15_7) AppleWebKit/537.36 (KHTML, like Gecko) Chrome/113.0.0.0 Safari/537.36"
87.61.124.242 - - [26/May/2023:07:59:49 +0000] "GET /wp-includes/js/media-models.min.js?ver=6.2.2 HTTP/1.1" 304 0 "https://powerbimbo.vps.webdock.cloud/wp-admin/post-new.php?post_type=page" "Mozilla/5.0 (Macintosh; Intel Mac OS X 10_15_7) AppleWebKit/537.36 (KHTML, like Gecko) Chrome/113.0.0.0 Safari/537.36"
87.61.124.242 - - [26/May/2023:07:59:49 +0000] "GET /wp-includes/js/wp-backbone.min.js?ver=6.2.2 HTTP/1.1" 304 0 "https://powerbimbo.vps.webdock.cloud/wp-admin/post-new.php?post_type=page" "Mozilla/5.0 (Macintosh; Intel Mac OS X 10_15_7) AppleWebKit/537.36 (KHTML, like Gecko) Chrome/113.0.0.0 Safari/537.36"
87.61.124.242 - - [26/May/2023:07:59:49 +0000] "GET /wp-includes/js/plupload/wp-plupload.min.js?ver=6.2.2 HTTP/1.1" 304 0 "https://powerbimbo.vps.webdock.cloud/wp-admin/post-new.php?post_type=page" "Mozilla/5.0 (Macintosh; Intel Mac OS X 10_15_7) AppleWebKit/537.36 (KHTML, like Gecko) Chrome/113.0.0.0 Safari/537.36"
87.61.124.242 - - [26/May/2023:07:59:49 +0000] "GET /wp-includes/js/mediaelement/mediaelement-and-player.min.js?ver=4.2.17 HTTP/1.1" 304 0 "https://powerbimbo.vps.webdock.cloud/wp-admin/post-new.php?post_type=page" "Mozilla/5.0 (Macintosh; Intel Mac OS X 10_15_7) AppleWebKit/537.36 (KHTML, like Gecko) Chrome/113.0.0.0 Safari/537.36"
87.61.124.242 - - [26/May/2023:07:59:49 +0000] "GET /wp-includes/js/mediaelement/mediaelement-migrate.min.js?ver=6.2.2 HTTP/1.1" 304 0 "https://powerbimbo.vps.webdock.cloud/wp-admin/post-new.php?post_type=page" "Mozilla/5.0 (Macintosh; Intel Mac OS X 10_15_7) AppleWebKit/537.36 (KHTML, like Gecko) Chrome/113.0.0.0 Safari/537.36"
87.61.124.242 - - [26/May/2023:07:59:49 +0000] "GET /wp-includes/js/mediaelement/wp-mediaelement.min.js?ver=6.2.2 HTTP/1.1" 304 0 "https://powerbimbo.vps.webdock.cloud/wp-admin/post-new.php?post_type=page" "Mozilla/5.0 (Macintosh; Intel Mac OS X 10_15_7) AppleWebKit/537.36 (KHTML, like Gecko) Chrome/113.0.0.0 Safari/537.36"
87.61.124.242 - - [26/May/2023:07:59:49 +0000] "GET /wp-includes/js/media-views.min.js?ver=6.2.2 HTTP/1.1" 304 0 "https://powerbimbo.vps.webdock.cloud/wp-admin/post-new.php?post_type=page" "Mozilla/5.0 (Macintosh; Intel Mac OS X 10_15_7) AppleWebKit/537.36 (KHTML, like Gecko) Chrome/113.0.0.0 Safari/537.36"
87.61.124.242 - - [26/May/2023:07:59:49 +0000] "GET /wp-includes/js/media-editor.min.js?ver=6.2.2 HTTP/1.1" 304 0 "https://powerbimbo.vps.webdock.cloud/wp-admin/post-new.php?post_type=page" "Mozilla/5.0 (Macintosh; Intel Mac OS X 10_15_7) AppleWebKit/537.36 (KHTML, like Gecko) Chrome/113.0.0.0 Safari/537.36"
87.61.124.242 - - [26/May/2023:07:59:49 +0000] "GET /wp-includes/js/media-audiovideo.min.js?ver=6.2.2 HTTP/1.1" 304 0 "https://powerbimbo.vps.webdock.cloud/wp-admin/post-new.php?post_type=page" "Mozilla/5.0 (Macintosh; Intel Mac OS X 10_15_7) AppleWebKit/537.36 (KHTML, like Gecko) Chrome/113.0.0.0 Safari/537.36"
87.61.124.242 - - [26/May/2023:07:59:49 +0000] "GET /wp-includes/js/mce-view.min.js?ver=6.2.2 HTTP/1.1" 304 0 "https://powerbimbo.vps.webdock.cloud/wp-admin/post-new.php?post_type=page" "Mozilla/5.0 (Macintosh; Intel Mac OS X 10_15_7) AppleWebKit/537.36 (KHTML, like Gecko) Chrome/113.0.0.0 Safari/537.36"
87.61.124.242 - - [26/May/2023:07:59:49 +0000] "GET /wp-includes/js/imgareaselect/jquery.imgareaselect.min.js?ver=6.2.2 HTTP/1.1" 304 0 "https://powerbimbo.vps.webdock.cloud/wp-admin/post-new.php?post_type=page" "Mozilla/5.0 (Macintosh; Intel Mac OS X 10_15_7) AppleWebKit/537.36 (KHTML, like Gecko) Chrome/113.0.0.0 Safari/537.36"
87.61.124.242 - - [26/May/2023:07:59:49 +0000] "GET /wp-admin/js/image-edit.min.js?ver=6.2.2 HTTP/1.1" 304 0 "https://powerbimbo.vps.webdock.cloud/wp-admin/post-new.php?post_type=page" "Mozilla/5.0 (Macintosh; Intel Mac OS X 10_15_7) AppleWebKit/537.36 (KHTML, like Gecko) Chrome/113.0.0.0 Safari/537.36"
87.61.124.242 - - [26/May/2023:07:59:49 +0000] "GET /wp-admin/js/editor.min.js?ver=6.2.2 HTTP/1.1" 304 0 "https://powerbimbo.vps.webdock.cloud/wp-admin/post-new.php?post_type=page" "Mozilla/5.0 (Macintosh; Intel Mac OS X 10_15_7) AppleWebKit/537.36 (KHTML, like Gecko) Chrome/113.0.0.0 Safari/537.36"
87.61.124.242 - - [26/May/2023:07:59:49 +0000] "GET /wp-includes/js/wp-embed.min.js?ver=6.2.2 HTTP/1.1" 304 0 "https://powerbimbo.vps.webdock.cloud/wp-admin/post-new.php?post_type=page" "Mozilla/5.0 (Macintosh; Intel Mac OS X 10_15_7) AppleWebKit/537.36 (KHTML, like Gecko) Chrome/113.0.0.0 Safari/537.36"
87.61.124.242 - - [26/May/2023:07:59:49 +0000] "GET /wp-includes/js/wplink.min.js?ver=6.2.2 HTTP/1.1" 304 0 "https://powerbimbo.vps.webdock.cloud/wp-admin/post-new.php?post_type=page" "Mozilla/5.0 (Macintosh; Intel Mac OS X 10_15_7) AppleWebKit/537.36 (KHTML, like Gecko) Chrome/113.0.0.0 Safari/537.36"
87.61.124.242 - - [26/May/2023:07:59:49 +0000] "GET /wp-includes/js/tinymce/plugins/compat3x/plugin.min.js?ver=49110-20201110 HTTP/1.1" 304 0 "https://powerbimbo.vps.webdock.cloud/wp-admin/post-new.php?post_type=page" "Mozilla/5.0 (Macintosh; Intel Mac OS X 10_15_7) AppleWebKit/537.36 (KHTML, like Gecko) Chrome/113.0.0.0 Safari/537.36"
87.61.124.242 - - [26/May/2023:07:59:49 +0000] "GET /wp-admin/images/spinner.gif HTTP/1.1" 200 3656 "https://powerbimbo.vps.webdock.cloud/wp-admin/load-styles.php?c=0&dir=ltr&load%5Bchunk_0%5D=dashicons,admin-bar,buttons,media-views,common,forms,admin-menu,dashboard,list-tables,edit,revisions,media,themes,about,nav-menu&load%5Bchunk_1%5D=s,wp-pointer,widgets,site-icon,l10n,wp-auth-check,wp-color-picker&ver=6.2.2" "Mozilla/5.0 (Macintosh; Intel Mac OS X 10_15_7) AppleWebKit/537.36 (KHTML, like Gecko) Chrome/113.0.0.0 Safari/537.36"
87.61.124.242 - - [26/May/2023:07:59:49 +0000] "GET /wp-includes/js/tinymce/themes/modern/theme.min.js?wp-mce-49110-20201110 HTTP/1.1" 304 0 "https://powerbimbo.vps.webdock.cloud/wp-admin/post-new.php?post_type=page" "Mozilla/5.0 (Macintosh; Intel Mac OS X 10_15_7) AppleWebKit/537.36 (KHTML, like Gecko) Chrome/113.0.0.0 Safari/537.36"
87.61.124.242 - - [26/May/2023:07:59:49 +0000] "GET /wp-includes/js/tinymce/plugins/media/plugin.min.js?wp-mce-49110-20201110 HTTP/1.1" 304 0 "https://powerbimbo.vps.webdock.cloud/wp-admin/post-new.php?post_type=page" "Mozilla/5.0 (Macintosh; Intel Mac OS X 10_15_7) AppleWebKit/537.36 (KHTML, like Gecko) Chrome/113.0.0.0 Safari/537.36"
87.61.124.242 - - [26/May/2023:07:59:49 +0000] "GET /wp-includes/js/tinymce/plugins/hr/plugin.min.js?wp-mce-49110-20201110 HTTP/1.1" 304 0 "https://powerbimbo.vps.webdock.cloud/wp-admin/post-new.php?post_type=page" "Mozilla/5.0 (Macintosh; Intel Mac OS X 10_15_7) AppleWebKit/537.36 (KHTML, like Gecko) Chrome/113.0.0.0 Safari/537.36"
87.61.124.242 - - [26/May/2023:07:59:49 +0000] "GET /wp-includes/js/tinymce/plugins/colorpicker/plugin.min.js?wp-mce-49110-20201110 HTTP/1.1" 304 0 "https://powerbimbo.vps.webdock.cloud/wp-admin/post-new.php?post_type=page" "Mozilla/5.0 (Macintosh; Intel Mac OS X 10_15_7) AppleWebKit/537.36 (KHTML, like Gecko) Chrome/113.0.0.0 Safari/537.36"
87.61.124.242 - - [26/May/2023:07:59:49 +0000] "GET /wp-includes/js/tinymce/plugins/paste/plugin.min.js?wp-mce-49110-20201110 HTTP/1.1" 304 0 "https://powerbimbo.vps.webdock.cloud/wp-admin/post-new.php?post_type=page" "Mozilla/5.0 (Macintosh; Intel Mac OS X 10_15_7) AppleWebKit/537.36 (KHTML, like Gecko) Chrome/113.0.0.0 Safari/537.36"
87.61.124.242 - - [26/May/2023:07:59:49 +0000] "GET /wp-includes/js/tinymce/plugins/charmap/plugin.min.js?wp-mce-49110-20201110 HTTP/1.1" 304 0 "https://powerbimbo.vps.webdock.cloud/wp-admin/post-new.php?post_type=page" "Mozilla/5.0 (Macintosh; Intel Mac OS X 10_15_7) AppleWebKit/537.36 (KHTML, like Gecko) Chrome/113.0.0.0 Safari/537.36"
87.61.124.242 - - [26/May/2023:07:59:49 +0000] "GET /wp-includes/js/tinymce/plugins/lists/plugin.min.js?wp-mce-49110-20201110 HTTP/1.1" 304 0 "https://powerbimbo.vps.webdock.cloud/wp-admin/post-new.php?post_type=page" "Mozilla/5.0 (Macintosh; Intel Mac OS X 10_15_7) AppleWebKit/537.36 (KHTML, like Gecko) Chrome/113.0.0.0 Safari/537.36"
87.61.124.242 - - [26/May/2023:07:59:49 +0000] "GET /wp-includes/js/tinymce/plugins/tabfocus/plugin.min.js?wp-mce-49110-20201110 HTTP/1.1" 304 0 "https://powerbimbo.vps.webdock.cloud/wp-admin/post-new.php?post_type=page" "Mozilla/5.0 (Macintosh; Intel Mac OS X 10_15_7) AppleWebKit/537.36 (KHTML, like Gecko) Chrome/113.0.0.0 Safari/537.36"
87.61.124.242 - - [26/May/2023:07:59:49 +0000] "GET /wp-includes/js/tinymce/plugins/textcolor/plugin.min.js?wp-mce-49110-20201110 HTTP/1.1" 304 0 "https://powerbimbo.vps.webdock.cloud/wp-admin/post-new.php?post_type=page" "Mozilla/5.0 (Macintosh; Intel Mac OS X 10_15_7) AppleWebKit/537.36 (KHTML, like Gecko) Chrome/113.0.0.0 Safari/537.36"
87.61.124.242 - - [26/May/2023:07:59:49 +0000] "GET /wp-includes/js/tinymce/plugins/fullscreen/plugin.min.js?wp-mce-49110-20201110 HTTP/1.1" 304 0 "https://powerbimbo.vps.webdock.cloud/wp-admin/post-new.php?post_type=page" "Mozilla/5.0 (Macintosh; Intel Mac OS X 10_15_7) AppleWebKit/537.36 (KHTML, like Gecko) Chrome/113.0.0.0 Safari/537.36"
87.61.124.242 - - [26/May/2023:07:59:49 +0000] "GET /wp-includes/js/tinymce/plugins/wordpress/plugin.min.js?wp-mce-49110-20201110 HTTP/1.1" 304 0 "https://powerbimbo.vps.webdock.cloud/wp-admin/post-new.php?post_type=page" "Mozilla/5.0 (Macintosh; Intel Mac OS X 10_15_7) AppleWebKit/537.36 (KHTML, like Gecko) Chrome/113.0.0.0 Safari/537.36"
87.61.124.242 - - [26/May/2023:07:59:49 +0000] "GET /wp-includes/js/tinymce/plugins/wpautoresize/plugin.min.js?wp-mce-49110-20201110 HTTP/1.1" 304 0 "https://powerbimbo.vps.webdock.cloud/wp-admin/post-new.php?post_type=page" "Mozilla/5.0 (Macintosh; Intel Mac OS X 10_15_7) AppleWebKit/537.36 (KHTML, like Gecko) Chrome/113.0.0.0 Safari/537.36"
87.61.124.242 - - [26/May/2023:07:59:49 +0000] "GET /wp-includes/js/tinymce/plugins/wpeditimage/plugin.min.js?wp-mce-49110-20201110 HTTP/1.1" 304 0 "https://powerbimbo.vps.webdock.cloud/wp-admin/post-new.php?post_type=page" "Mozilla/5.0 (Macintosh; Intel Mac OS X 10_15_7) AppleWebKit/537.36 (KHTML, like Gecko) Chrome/113.0.0.0 Safari/537.36"
87.61.124.242 - - [26/May/2023:07:59:49 +0000] "GET /wp-includes/js/tinymce/plugins/wpemoji/plugin.min.js?wp-mce-49110-20201110 HTTP/1.1" 304 0 "https://powerbimbo.vps.webdock.cloud/wp-admin/post-new.php?post_type=page" "Mozilla/5.0 (Macintosh; Intel Mac OS X 10_15_7) AppleWebKit/537.36 (KHTML, like Gecko) Chrome/113.0.0.0 Safari/537.36"
87.61.124.242 - - [26/May/2023:07:59:49 +0000] "GET /wp-includes/js/tinymce/plugins/wplink/plugin.min.js?wp-mce-49110-20201110 HTTP/1.1" 304 0 "https://powerbimbo.vps.webdock.cloud/wp-admin/post-new.php?post_type=page" "Mozilla/5.0 (Macintosh; Intel Mac OS X 10_15_7) AppleWebKit/537.36 (KHTML, like Gecko) Chrome/113.0.0.0 Safari/537.36"
87.61.124.242 - - [26/May/2023:07:59:49 +0000] "GET /wp-includes/js/tinymce/plugins/wpgallery/plugin.min.js?wp-mce-49110-20201110 HTTP/1.1" 304 0 "https://powerbimbo.vps.webdock.cloud/wp-admin/post-new.php?post_type=page" "Mozilla/5.0 (Macintosh; Intel Mac OS X 10_15_7) AppleWebKit/537.36 (KHTML, like Gecko) Chrome/113.0.0.0 Safari/537.36"
87.61.124.242 - - [26/May/2023:07:59:49 +0000] "GET /wp-includes/js/tinymce/plugins/wpdialogs/plugin.min.js?wp-mce-49110-20201110 HTTP/1.1" 304 0 "https://powerbimbo.vps.webdock.cloud/wp-admin/post-new.php?post_type=page" "Mozilla/5.0 (Macintosh; Intel Mac OS X 10_15_7) AppleWebKit/537.36 (KHTML, like Gecko) Chrome/113.0.0.0 Safari/537.36"
87.61.124.242 - - [26/May/2023:07:59:49 +0000] "GET /wp-includes/js/tinymce/plugins/wpview/plugin.min.js?wp-mce-49110-20201110 HTTP/1.1" 304 0 "https://powerbimbo.vps.webdock.cloud/wp-admin/post-new.php?post_type=page" "Mozilla/5.0 (Macintosh; Intel Mac OS X 10_15_7) AppleWebKit/537.36 (KHTML, like Gecko) Chrome/113.0.0.0 Safari/537.36"
87.61.124.242 - - [26/May/2023:07:59:49 +0000] "GET /wp-includes/js/tinymce/plugins/wptextpattern/plugin.min.js?wp-mce-49110-20201110 HTTP/1.1" 304 0 "https://powerbimbo.vps.webdock.cloud/wp-admin/post-new.php?post_type=page" "Mozilla/5.0 (Macintosh; Intel Mac OS X 10_15_7) AppleWebKit/537.36 (KHTML, like Gecko) Chrome/113.0.0.0 Safari/537.36"
87.61.124.242 - - [26/May/2023:07:59:49 +0000] "GET /wp-includes/js/tinymce/skins/lightgray/skin.min.css?wp-mce-49110-20201110 HTTP/1.1" 304 0 "https://powerbimbo.vps.webdock.cloud/wp-admin/post-new.php?post_type=page" "Mozilla/5.0 (Macintosh; Intel Mac OS X 10_15_7) AppleWebKit/537.36 (KHTML, like Gecko) Chrome/113.0.0.0 Safari/537.36"
87.61.124.242 - - [26/May/2023:07:59:49 +0000] "GET /wp-includes/js/tinymce/skins/lightgray/content.min.css?wp-mce-49110-20201110 HTTP/1.1" 304 0 "https://powerbimbo.vps.webdock.cloud/wp-admin/post-new.php?post_type=page" "Mozilla/5.0 (Macintosh; Intel Mac OS X 10_15_7) AppleWebKit/537.36 (KHTML, like Gecko) Chrome/113.0.0.0 Safari/537.36"
87.61.124.242 - - [26/May/2023:07:59:49 +0000] "GET /wp-includes/css/dashicons.min.css?ver=6.2.2&wp-mce-49110-20201110 HTTP/1.1" 304 0 "https://powerbimbo.vps.webdock.cloud/wp-admin/post-new.php?post_type=page" "Mozilla/5.0 (Macintosh; Intel Mac OS X 10_15_7) AppleWebKit/537.36 (KHTML, like Gecko) Chrome/113.0.0.0 Safari/537.36"
87.61.124.242 - - [26/May/2023:07:59:49 +0000] "GET /wp-includes/js/tinymce/skins/wordpress/wp-content.css?ver=6.2.2&wp-mce-49110-20201110 HTTP/1.1" 304 0 "https://powerbimbo.vps.webdock.cloud/wp-admin/post-new.php?post_type=page" "Mozilla/5.0 (Macintosh; Intel Mac OS X 10_15_7) AppleWebKit/537.36 (KHTML, like Gecko) Chrome/113.0.0.0 Safari/537.36"
87.61.124.242 - - [26/May/2023:07:59:52 +0000] "POST /wp-admin/admin-ajax.php HTTP/1.1" 200 132 "https://powerbimbo.vps.webdock.cloud/wp-admin/post-new.php?post_type=page" "Mozilla/5.0 (Macintosh; Intel Mac OS X 10_15_7) AppleWebKit/537.36 (KHTML, like Gecko) Chrome/113.0.0.0 Safari/537.36"
87.61.124.242 - - [26/May/2023:07:59:52 +0000] "POST /wp-admin/admin-ajax.php HTTP/1.1" 200 277 "https://powerbimbo.vps.webdock.cloud/wp-admin/post-new.php?post_type=page" "Mozilla/5.0 (Macintosh; Intel Mac OS X 10_15_7) AppleWebKit/537.36 (KHTML, like Gecko) Chrome/113.0.0.0 Safari/537.36"
87.61.124.242 - - [26/May/2023:07:59:56 +0000] "POST /wp-admin/post.php HTTP/1.1" 302 5 "https://powerbimbo.vps.webdock.cloud/wp-admin/post-new.php?post_type=page" "Mozilla/5.0 (Macintosh; Intel Mac OS X 10_15_7) AppleWebKit/537.36 (KHTML, like Gecko) Chrome/113.0.0.0 Safari/537.36"
87.61.124.242 - - [26/May/2023:07:59:56 +0000] "GET /wp-admin/post.php?post=14&action=edit&message=10 HTTP/1.1" 200 34204 "https://powerbimbo.vps.webdock.cloud/wp-admin/post-new.php?post_type=page" "Mozilla/5.0 (Macintosh; Intel Mac OS X 10_15_7) AppleWebKit/537.36 (KHTML, like Gecko) Chrome/113.0.0.0 Safari/537.36"
87.61.124.242 - - [26/May/2023:07:59:57 +0000] "GET /wp-admin/admin-ajax.php?action=oembed-cache&post=14 HTTP/1.1" 200 32 "https://powerbimbo.vps.webdock.cloud/wp-admin/post.php?post=14&action=edit" "Mozilla/5.0 (Macintosh; Intel Mac OS X 10_15_7) AppleWebKit/537.36 (KHTML, like Gecko) Chrome/113.0.0.0 Safari/537.36"
87.61.124.242 - - [26/May/2023:08:00:57 +0000] "POST /wp-admin/admin-ajax.php HTTP/1.1" 200 78 "https://powerbimbo.vps.webdock.cloud/wp-admin/post.php?post=14&action=edit" "Mozilla/5.0 (Macintosh; Intel Mac OS X 10_15_7) AppleWebKit/537.36 (KHTML, like Gecko) Chrome/113.0.0.0 Safari/537.36"
87.61.124.242 - - [26/May/2023:08:02:57 +0000] "POST /wp-admin/admin-ajax.php HTTP/1.1" 200 78 "https://powerbimbo.vps.webdock.cloud/wp-admin/post.php?post=14&action=edit" "Mozilla/5.0 (Macintosh; Intel Mac OS X 10_15_7) AppleWebKit/537.36 (KHTML, like Gecko) Chrome/113.0.0.0 Safari/537.36"
185.38.148.134 - - [26/May/2023:08:03:04 +0000] "GET / HTTP/1.1" 200 14945 "-" "-"
87.61.124.242 - - [26/May/2023:08:04:57 +0000] "POST /wp-admin/admin-ajax.php HTTP/1.1" 200 78 "https://powerbimbo.vps.webdock.cloud/wp-admin/post.php?post=14&action=edit" "Mozilla/5.0 (Macintosh; Intel Mac OS X 10_15_7) AppleWebKit/537.36 (KHTML, like Gecko) Chrome/113.0.0.0 Safari/537.36"
87.61.124.242 - - [26/May/2023:08:06:57 +0000] "POST /wp-admin/admin-ajax.php HTTP/1.1" 200 78 "https://powerbimbo.vps.webdock.cloud/wp-admin/post.php?post=14&action=edit" "Mozilla/5.0 (Macintosh; Intel Mac OS X 10_15_7) AppleWebKit/537.36 (KHTML, like Gecko) Chrome/113.0.0.0 Safari/537.36"
87.61.124.242 - - [26/May/2023:08:08:26 +0000] "POST /wp-admin/admin-ajax.php HTTP/1.1" 200 76 "https://powerbimbo.vps.webdock.cloud/wp-admin/post.php?post=14&action=edit" "Mozilla/5.0 (Macintosh; Intel Mac OS X 10_15_7) AppleWebKit/537.36 (KHTML, like Gecko) Chrome/113.0.0.0 Safari/537.36"
87.61.124.242 - - [26/May/2023:08:08:52 +0000] "GET /wp-admin/edit.php?post_type=page HTTP/1.1" 200 10941 "https://powerbimbo.vps.webdock.cloud/wp-admin/post.php?post=14&action=edit" "Mozilla/5.0 (Macintosh; Intel Mac OS X 10_15_7) AppleWebKit/537.36 (KHTML, like Gecko) Chrome/113.0.0.0 Safari/537.36"
87.61.124.242 - - [26/May/2023:08:08:53 +0000] "POST /wp-admin/admin-ajax.php HTTP/1.1" 200 32 "https://powerbimbo.vps.webdock.cloud/wp-admin/post.php?post=14&action=edit" "Mozilla/5.0 (Macintosh; Intel Mac OS X 10_15_7) AppleWebKit/537.36 (KHTML, like Gecko) Chrome/113.0.0.0 Safari/537.36"
87.61.124.242 - - [26/May/2023:08:08:53 +0000] "POST /wp-admin/admin-ajax.php HTTP/1.1" 200 78 "https://powerbimbo.vps.webdock.cloud/wp-admin/edit.php?post_type=page" "Mozilla/5.0 (Macintosh; Intel Mac OS X 10_15_7) AppleWebKit/537.36 (KHTML, like Gecko) Chrome/113.0.0.0 Safari/537.36"
87.61.124.242 - - [26/May/2023:08:09:08 +0000] "POST /wp-admin/admin-ajax.php HTTP/1.1" 200 78 "https://powerbimbo.vps.webdock.cloud/wp-admin/edit.php?post_type=page" "Mozilla/5.0 (Macintosh; Intel Mac OS X 10_15_7) AppleWebKit/537.36 (KHTML, like Gecko) Chrome/113.0.0.0 Safari/537.36"
178.63.128.241 - - [26/May/2023:08:10:03 +0000] "GET / HTTP/1.1" 200 14945 "-" "Webdock HTTP Monitoring Agent / Disable these requests by disabling monitoring in the Webdock dashboard"
87.61.124.242 - - [26/May/2023:08:11:17 +0000] "POST /wp-admin/admin-ajax.php HTTP/1.1" 200 78 "https://powerbimbo.vps.webdock.cloud/wp-admin/edit.php?post_type=page" "Mozilla/5.0 (Macintosh; Intel Mac OS X 10_15_7) AppleWebKit/537.36 (KHTML, like Gecko) Chrome/113.0.0.0 Safari/537.36"
83.97.73.89 - - [26/May/2023:08:11:30 +0000] "POST /vendor/phpunit/phpunit/src/Util/PHP/eval-stdin.php HTTP/1.1" 404 47 "-" "Mozilla/5.0 (Windows NT 10.0; Win64; x64) AppleWebKit/537.36 (KHTML, like Gecko) Chrome/78.0.3904.108 Safari/537.36"
87.61.124.242 - - [26/May/2023:08:13:17 +0000] "POST /wp-admin/admin-ajax.php HTTP/1.1" 200 78 "https://powerbimbo.vps.webdock.cloud/wp-admin/edit.php?post_type=page" "Mozilla/5.0 (Macintosh; Intel Mac OS X 10_15_7) AppleWebKit/537.36 (KHTML, like Gecko) Chrome/113.0.0.0 Safari/537.36"
87.61.124.242 - - [26/May/2023:08:15:18 +0000] "POST /wp-admin/admin-ajax.php HTTP/1.1" 200 78 "https://powerbimbo.vps.webdock.cloud/wp-admin/edit.php?post_type=page" "Mozilla/5.0 (Macintosh; Intel Mac OS X 10_15_7) AppleWebKit/537.36 (KHTML, like Gecko) Chrome/113.0.0.0 Safari/537.36"
87.61.124.242 - - [26/May/2023:08:17:28 +0000] "POST /wp-admin/admin-ajax.php HTTP/1.1" 200 78 "https://powerbimbo.vps.webdock.cloud/wp-admin/edit.php?post_type=page" "Mozilla/5.0 (Macintosh; Intel Mac OS X 10_15_7) AppleWebKit/537.36 (KHTML, like Gecko) Chrome/113.0.0.0 Safari/537.36"
87.61.124.242 - - [26/May/2023:08:19:29 +0000] "POST /wp-admin/admin-ajax.php HTTP/1.1" 200 78 "https://powerbimbo.vps.webdock.cloud/wp-admin/edit.php?post_type=page" "Mozilla/5.0 (Macintosh; Intel Mac OS X 10_15_7) AppleWebKit/537.36 (KHTML, like Gecko) Chrome/113.0.0.0 Safari/537.36"
87.61.124.242 - - [26/May/2023:08:21:32 +0000] "POST /wp-admin/admin-ajax.php HTTP/1.1" 200 78 "https://powerbimbo.vps.webdock.cloud/wp-admin/edit.php?post_type=page" "Mozilla/5.0 (Macintosh; Intel Mac OS X 10_15_7) AppleWebKit/537.36 (KHTML, like Gecko) Chrome/113.0.0.0 Safari/537.36"
83.97.73.89 - - [26/May/2023:08:22:02 +0000] "GET /vendor/phpunit/phpunit/src/Util/PHP/eval-stdin.php HTTP/1.1" 404 47 "-" "Mozilla/5.0 (Windows NT 10.0; Win64; x64) AppleWebKit/537.36 (KHTML, like Gecko) Chrome/78.0.3904.108 Safari/537.36"
87.61.124.242 - - [26/May/2023:08:23:36 +0000] "POST /wp-admin/admin-ajax.php HTTP/1.1" 200 78 "https://powerbimbo.vps.webdock.cloud/wp-admin/edit.php?post_type=page" "Mozilla/5.0 (Macintosh; Intel Mac OS X 10_15_7) AppleWebKit/537.36 (KHTML, like Gecko) Chrome/113.0.0.0 Safari/537.36"
87.61.124.242 - - [26/May/2023:08:25:37 +0000] "POST /wp-admin/admin-ajax.php HTTP/1.1" 200 78 "https://powerbimbo.vps.webdock.cloud/wp-admin/edit.php?post_type=page" "Mozilla/5.0 (Macintosh; Intel Mac OS X 10_15_7) AppleWebKit/537.36 (KHTML, like Gecko) Chrome/113.0.0.0 Safari/537.36"
87.61.124.242 - - [26/May/2023:08:27:45 +0000] "POST /wp-admin/admin-ajax.php HTTP/1.1" 200 78 "https://powerbimbo.vps.webdock.cloud/wp-admin/edit.php?post_type=page" "Mozilla/5.0 (Macintosh; Intel Mac OS X 10_15_7) AppleWebKit/537.36 (KHTML, like Gecko) Chrome/113.0.0.0 Safari/537.36"
87.61.124.242 - - [26/May/2023:08:29:51 +0000] "POST /wp-admin/admin-ajax.php HTTP/1.1" 200 78 "https://powerbimbo.vps.webdock.cloud/wp-admin/edit.php?post_type=page" "Mozilla/5.0 (Macintosh; Intel Mac OS X 10_15_7) AppleWebKit/537.36 (KHTML, like Gecko) Chrome/113.0.0.0 Safari/537.36"
178.63.128.241 - - [26/May/2023:08:30:03 +0000] "GET / HTTP/1.1" 200 14945 "-" "Webdock HTTP Monitoring Agent / Disable these requests by disabling monitoring in the Webdock dashboard"
87.61.124.242 - - [26/May/2023:08:31:51 +0000] "POST /wp-admin/admin-ajax.php HTTP/1.1" 200 78 "https://powerbimbo.vps.webdock.cloud/wp-admin/edit.php?post_type=page" "Mozilla/5.0 (Macintosh; Intel Mac OS X 10_15_7) AppleWebKit/537.36 (KHTML, like Gecko) Chrome/113.0.0.0 Safari/537.36"
2a06:1301:4050:100:0:71:196:0 - - [26/May/2023:08:34:03 +0000] "POST /wp-cron.php?doing_wp_cron=1685090042.9745581150054931640625 HTTP/1.1" 200 31 "-" "WordPress/6.2.2; https://powerbimbo.vps.webdock.cloud"
87.61.124.242 - - [26/May/2023:08:34:03 +0000] "POST /wp-admin/admin-ajax.php HTTP/1.1" 200 78 "https://powerbimbo.vps.webdock.cloud/wp-admin/edit.php?post_type=page" "Mozilla/5.0 (Macintosh; Intel Mac OS X 10_15_7) AppleWebKit/537.36 (KHTML, like Gecko) Chrome/113.0.0.0 Safari/537.36"
87.61.124.242 - - [26/May/2023:08:36:16 +0000] "POST /wp-admin/admin-ajax.php HTTP/1.1" 200 78 "https://powerbimbo.vps.webdock.cloud/wp-admin/edit.php?post_type=page" "Mozilla/5.0 (Macintosh; Intel Mac OS X 10_15_7) AppleWebKit/537.36 (KHTML, like Gecko) Chrome/113.0.0.0 Safari/537.36"
87.61.124.242 - - [26/May/2023:08:38:29 +0000] "POST /wp-admin/admin-ajax.php HTTP/1.1" 200 78 "https://powerbimbo.vps.webdock.cloud/wp-admin/edit.php?post_type=page" "Mozilla/5.0 (Macintosh; Intel Mac OS X 10_15_7) AppleWebKit/537.36 (KHTML, like Gecko) Chrome/113.0.0.0 Safari/537.36"
87.61.124.242 - - [26/May/2023:08:40:33 +0000] "POST /wp-admin/admin-ajax.php HTTP/1.1" 200 78 "https://powerbimbo.vps.webdock.cloud/wp-admin/edit.php?post_type=page" "Mozilla/5.0 (Macintosh; Intel Mac OS X 10_15_7) AppleWebKit/537.36 (KHTML, like Gecko) Chrome/113.0.0.0 Safari/537.36"
87.61.124.242 - - [26/May/2023:08:42:38 +0000] "POST /wp-admin/admin-ajax.php HTTP/1.1" 200 78 "https://powerbimbo.vps.webdock.cloud/wp-admin/edit.php?post_type=page" "Mozilla/5.0 (Macintosh; Intel Mac OS X 10_15_7) AppleWebKit/537.36 (KHTML, like Gecko) Chrome/113.0.0.0 Safari/537.36"
87.61.124.242 - - [26/May/2023:08:44:39 +0000] "POST /wp-admin/admin-ajax.php HTTP/1.1" 200 78 "https://powerbimbo.vps.webdock.cloud/wp-admin/edit.php?post_type=page" "Mozilla/5.0 (Macintosh; Intel Mac OS X 10_15_7) AppleWebKit/537.36 (KHTML, like Gecko) Chrome/113.0.0.0 Safari/537.36"
87.61.124.242 - - [26/May/2023:08:46:40 +0000] "POST /wp-admin/admin-ajax.php HTTP/1.1" 200 78 "https://powerbimbo.vps.webdock.cloud/wp-admin/edit.php?post_type=page" "Mozilla/5.0 (Macintosh; Intel Mac OS X 10_15_7) AppleWebKit/537.36 (KHTML, like Gecko) Chrome/113.0.0.0 Safari/537.36"
87.61.124.242 - - [26/May/2023:08:48:41 +0000] "POST /wp-admin/admin-ajax.php HTTP/1.1" 200 78 "https://powerbimbo.vps.webdock.cloud/wp-admin/edit.php?post_type=page" "Mozilla/5.0 (Macintosh; Intel Mac OS X 10_15_7) AppleWebKit/537.36 (KHTML, like Gecko) Chrome/113.0.0.0 Safari/537.36"
178.63.128.241 - - [26/May/2023:08:50:02 +0000] "GET / HTTP/1.1" 200 14945 "-" "Webdock HTTP Monitoring Agent / Disable these requests by disabling monitoring in the Webdock dashboard"
87.61.124.242 - - [26/May/2023:08:50:42 +0000] "POST /wp-admin/admin-ajax.php HTTP/1.1" 200 78 "https://powerbimbo.vps.webdock.cloud/wp-admin/edit.php?post_type=page" "Mozilla/5.0 (Macintosh; Intel Mac OS X 10_15_7) AppleWebKit/537.36 (KHTML, like Gecko) Chrome/113.0.0.0 Safari/537.36"
83.97.73.89 - - [26/May/2023:09:00:19 +0000] "GET /index.php?s=/Index/\x5Cthink\x5Capp/invokefunction&function=call_user_func_array&vars[0]=md5&vars[1][]=HelloThinkPHP21 HTTP/1.1" 200 3675 "-" "Mozilla/5.0 (Windows NT 10.0; Win64; x64) AppleWebKit/537.36 (KHTML, like Gecko) Chrome/78.0.3904.108 Safari/537.36"
64.62.197.241 - - [26/May/2023:09:05:29 +0000] "GET / HTTP/1.1" 200 3568 "-" "Mozilla/5.0 (Windows NT 10.0; Win64; x64; rv:109.0) Gecko/20100101 Firefox/111.0"
161.35.68.62 - - [26/May/2023:09:07:55 +0000] "V\xE1l\x1Brj\x99C\x15\x0C,\x1E@\x05C\xED" 400 157 "-" "-"
161.35.68.62 - - [26/May/2023:09:07:55 +0000] "GET /ab2g HTTP/1.1" 404 3670 "-" "Mozilla/5.0 zgrab/0.x"
161.35.68.62 - - [26/May/2023:09:07:55 +0000] "GET /ab2h HTTP/1.1" 404 3670 "-" "Mozilla/5.0 zgrab/0.x"
161.35.68.62 - - [26/May/2023:09:07:56 +0000] "GET / HTTP/1.1" 200 3568 "-" "Mozilla/5.0 (Windows NT 10.0; Win64; x64) AppleWebKit/537.36 (KHTML, like Gecko) Chrome/108.0.0.0 Safari/537.36"
161.35.68.62 - - [26/May/2023:09:07:56 +0000] "GET / HTTP/1.1" 400 657 "-" "Mozilla/5.0 (Windows NT 10.0; Win64; x64) AppleWebKit/537.36 (KHTML, like Gecko) Chrome/108.0.0.0 Safari/537.36"
161.35.68.62 - - [26/May/2023:09:07:56 +0000] "GET /private/api/v1/service/premaster HTTP/1.1" 400 657 "-" "Mozilla/5.0 (Windows NT 10.0; Win64; x64) AppleWebKit/537.36 (KHTML, like Gecko) Chrome/108.0.0.0 Safari/537.36"
161.35.68.62 - - [26/May/2023:09:07:56 +0000] "GET /t4 HTTP/1.1" 404 3670 "-" "Mozilla/5.0"
161.35.68.62 - - [26/May/2023:09:07:56 +0000] "GET /favicon.ico HTTP/1.1" 404 31 "-" "Mozilla/5.0 (Windows NT 10.0; Win64; x64) AppleWebKit/537.36 (KHTML, like Gecko) Chrome/108.0.0.0 Safari/537.36"
178.63.128.241 - - [26/May/2023:09:10:02 +0000] "GET / HTTP/1.1" 200 14945 "-" "Webdock HTTP Monitoring Agent / Disable these requests by disabling monitoring in the Webdock dashboard"
64.62.197.228 - - [26/May/2023:09:11:26 +0000] "GET /favicon.ico HTTP/1.1" 404 31 "-" "Mozilla/5.0 (Windows NT 10.0; Win64; x64) AppleWebKit/537.36 (KHTML, like Gecko) Chrome/110.0.0.0 Safari/537.36 Edg/110.0.1587.46"
64.62.197.229 - - [26/May/2023:09:12:34 +0000] "GET / HTTP/1.1" 200 3568 "-" "Mozilla/5.0 (Windows NT 10.0; Win64; x64; rv:109.0) Gecko/20100101 Firefox/111.0"
64.62.197.231 - - [26/May/2023:09:14:20 +0000] "GET /geoserver/web/ HTTP/1.1" 404 3670 "-" "Mozilla/5.0 (Windows NT 10.0; rv:110.0) Gecko/20100101 Firefox/110.0"
64.62.197.241 - - [26/May/2023:09:14:57 +0000] "GET /.git/config HTTP/1.1" 403 153 "-" "Mozilla/5.0 (X11; Linux x86_64; rv:102.0) Gecko/20100101 Firefox/102.0"
35.203.210.40 - - [26/May/2023:09:18:54 +0000] "GET / HTTP/1.1" 301 5 "-" "Expanse, a Palo Alto Networks company, searches across the global IPv4 space multiple times per day to identify customers&#39; presences on the Internet. If you would like to be excluded from our scans, please send IP addresses/domains to: scaninfo@paloaltonetworks.com"
35.203.210.40 - - [26/May/2023:09:18:54 +0000] "GET / HTTP/1.1" 200 14945 "-" "Expanse, a Palo Alto Networks company, searches across the global IPv4 space multiple times per day to identify customers&#39; presences on the Internet. If you would like to be excluded from our scans, please send IP addresses/domains to: scaninfo@paloaltonetworks.com"
178.63.128.241 - - [26/May/2023:09:30:03 +0000] "GET / HTTP/1.1" 200 14945 "-" "Webdock HTTP Monitoring Agent / Disable these requests by disabling monitoring in the Webdock dashboard"
2a06:1301:4050:100:0:71:196:0 - - [26/May/2023:09:38:31 +0000] "POST /wp-cron.php?doing_wp_cron=1685093911.1579580307006835937500 HTTP/1.1" 200 31 "-" "WordPress/6.2.2; https://powerbimbo.vps.webdock.cloud"
87.61.124.242 - - [26/May/2023:09:38:31 +0000] "GET / HTTP/1.1" 200 3568 "-" "Mozilla/5.0 (Macintosh; Intel Mac OS X 10_15_7) AppleWebKit/537.36 (KHTML, like Gecko) Chrome/113.0.0.0 Safari/537.36"
87.61.124.242 - - [26/May/2023:09:38:31 +0000] "GET /wp-content/themes/basically-bootstrap-5/assets/css/bootstrap.min.css?ver=6.2.2 HTTP/1.1" 200 25337 "https://powerbimbo.vps.webdock.cloud/" "Mozilla/5.0 (Macintosh; Intel Mac OS X 10_15_7) AppleWebKit/537.36 (KHTML, like Gecko) Chrome/113.0.0.0 Safari/537.36"
87.61.124.242 - - [26/May/2023:09:38:31 +0000] "GET /wp-includes/css/classic-themes.min.css?ver=6.2.2 HTTP/1.1" 304 0 "https://powerbimbo.vps.webdock.cloud/" "Mozilla/5.0 (Macintosh; Intel Mac OS X 10_15_7) AppleWebKit/537.36 (KHTML, like Gecko) Chrome/113.0.0.0 Safari/537.36"
87.61.124.242 - - [26/May/2023:09:38:31 +0000] "GET /wp-content/themes/basically-bootstrap-5/style.css?ver=1684953925 HTTP/1.1" 304 0 "https://powerbimbo.vps.webdock.cloud/" "Mozilla/5.0 (Macintosh; Intel Mac OS X 10_15_7) AppleWebKit/537.36 (KHTML, like Gecko) Chrome/113.0.0.0 Safari/537.36"
87.61.124.242 - - [26/May/2023:09:38:31 +0000] "GET /wp-content/themes/basically-bootstrap-5/assets/js/bootstrap.min.js HTTP/1.1" 304 0 "https://powerbimbo.vps.webdock.cloud/" "Mozilla/5.0 (Macintosh; Intel Mac OS X 10_15_7) AppleWebKit/537.36 (KHTML, like Gecko) Chrome/113.0.0.0 Safari/537.36"
87.61.124.242 - - [26/May/2023:09:38:31 +0000] "GET /wp-content/themes/basically-bootstrap-5/assets/js/popper.min.js HTTP/1.1" 304 0 "https://powerbimbo.vps.webdock.cloud/" "Mozilla/5.0 (Macintosh; Intel Mac OS X 10_15_7) AppleWebKit/537.36 (KHTML, like Gecko) Chrome/113.0.0.0 Safari/537.36"
87.61.124.242 - - [26/May/2023:09:38:31 +0000] "GET /favicon.ico HTTP/1.1" 404 31 "https://powerbimbo.vps.webdock.cloud/" "Mozilla/5.0 (Macintosh; Intel Mac OS X 10_15_7) AppleWebKit/537.36 (KHTML, like Gecko) Chrome/113.0.0.0 Safari/537.36"
178.63.128.241 - - [26/May/2023:09:50:02 +0000] "GET / HTTP/1.1" 200 14945 "-" "Webdock HTTP Monitoring Agent / Disable these requests by disabling monitoring in the Webdock dashboard"
83.97.73.89 - - [26/May/2023:10:05:22 +0000] "GET /?XDEBUG_SESSION_START=phpstorm HTTP/1.1" 301 5 "-" "Mozilla/5.0 (Windows NT 10.0; Win64; x64) AppleWebKit/537.36 (KHTML, like Gecko) Chrome/78.0.3904.108 Safari/537.36"
83.97.73.89 - - [26/May/2023:10:05:25 +0000] "GET /?XDEBUG_SESSION_START=phpstorm HTTP/1.1" 200 3568 "https://45.136.71.196:443/?XDEBUG_SESSION_START=phpstorm" "Mozilla/5.0 (Windows NT 10.0; Win64; x64) AppleWebKit/537.36 (KHTML, like Gecko) Chrome/78.0.3904.108 Safari/537.36"
178.63.128.241 - - [26/May/2023:10:10:02 +0000] "GET / HTTP/1.1" 200 14945 "-" "Webdock HTTP Monitoring Agent / Disable these requests by disabling monitoring in the Webdock dashboard"
83.97.73.89 - - [26/May/2023:10:23:03 +0000] "POST /mifs/.;/services/LogService HTTP/1.1" 404 3670 "https://45.136.71.196:443" "Mozilla/5.0 (Windows NT 10.0; Win64; x64) AppleWebKit/537.36 (KHTML, like Gecko) Chrome/78.0.3904.108 Safari/537.36"
178.63.128.241 - - [26/May/2023:10:30:03 +0000] "GET / HTTP/1.1" 200 14945 "-" "Webdock HTTP Monitoring Agent / Disable these requests by disabling monitoring in the Webdock dashboard"
2a06:1301:4050:100:0:71:196:0 - - [26/May/2023:10:44:10 +0000] "POST /wp-cron.php?doing_wp_cron=1685097850.1211700439453125000000 HTTP/1.1" 200 31 "-" "WordPress/6.2.2; https://powerbimbo.vps.webdock.cloud"
83.97.73.89 - - [26/May/2023:10:44:10 +0000] "GET /console/ HTTP/1.1" 301 5 "-" "Mozilla/5.0 (Windows NT 10.0; Win64; x64) AppleWebKit/537.36 (KHTML, like Gecko) Chrome/78.0.3904.108 Safari/537.36"
83.97.73.89 - - [26/May/2023:10:44:10 +0000] "GET /console/ HTTP/1.1" 404 3670 "https://45.136.71.196:443/console/" "Mozilla/5.0 (Windows NT 10.0; Win64; x64) AppleWebKit/537.36 (KHTML, like Gecko) Chrome/78.0.3904.108 Safari/537.36"
178.63.128.241 - - [26/May/2023:10:50:03 +0000] "GET / HTTP/1.1" 200 14945 "-" "Webdock HTTP Monitoring Agent / Disable these requests by disabling monitoring in the Webdock dashboard"
178.63.128.241 - - [26/May/2023:11:10:02 +0000] "GET / HTTP/1.1" 200 14945 "-" "Webdock HTTP Monitoring Agent / Disable these requests by disabling monitoring in the Webdock dashboard"
83.97.73.89 - - [26/May/2023:11:15:40 +0000] "POST /Autodiscover/Autodiscover.xml HTTP/1.1" 404 3670 "-" "Mozilla/5.0 (Windows NT 10.0; Win64; x64) AppleWebKit/537.36 (KHTML, like Gecko) Chrome/78.0.3904.108 Safari/537.36"
178.63.128.241 - - [26/May/2023:11:30:03 +0000] "GET / HTTP/1.1" 200 14945 "-" "Webdock HTTP Monitoring Agent / Disable these requests by disabling monitoring in the Webdock dashboard"
2a06:1301:4050:100:0:71:196:0 - - [26/May/2023:11:50:02 +0000] "POST /wp-cron.php?doing_wp_cron=1685101802.9522349834442138671875 HTTP/1.1" 200 31 "-" "WordPress/6.2.2; https://powerbimbo.vps.webdock.cloud"
178.63.128.241 - - [26/May/2023:11:50:03 +0000] "GET / HTTP/1.1" 200 14945 "-" "Webdock HTTP Monitoring Agent / Disable these requests by disabling monitoring in the Webdock dashboard"
